Retrieving project…
Deploying pratiks-projects-21240a37/rakhi
Uploading [--------------------] (0.0B/60.9KB)
Uploading [======--------------] (19.1KB/60.9KB)
Uploading [===========---------] (35.1KB/60.9KB)
Uploading [================----] (50.3KB/60.9KB)
Uploading [====================] (60.9KB/60.9KB)
Inspect: https://vercel.com/pratiks-projects-21240a37/rakhi/i5w7xHXaNeYwtwcR42asqU5KKhho [3s]
Production: https://rakhi-5tosw1xzf-pratiks-projects-21240a37.vercel.app [3s]
Building...
Building...
Building: Running build in Washington, D.C., USA (East) – iad1
Building: Build machine configuration: 2 cores, 8 GB
Building: Retrieving list of deployment files...
Building: Downloading 77 deployment files...
Building: Restored build cache from previous deployment (CUhfcmjPp2eAWB38t8EPvUbBjtNJ)
Building: Running "vercel build"
Building: Vercel CLI 59.3.0
Building: Installing dependencies...
Building: up to date in 507ms
Building: 10 packages are looking for funding
Building: run `npm fund` for details
Building: Running "npm run build"
Building: > svelte-rakhi@0.0.0 build
Building: > vite build
Production: https://rakhi-5tosw1xzf-pratiks-projects-21240a37.vercel.app [9s]
Completing...
Aliased: https://rakhi-eta-five.vercel.app [9s]
{
  "status": "ok",
  "deployment": {
    "id": "dpl_i5w7xHXaNeYwtwcR42asqU5KKhho",
    "url": "https://rakhi-5tosw1xzf-pratiks-projects-21240a37.vercel.app",
    "inspectorUrl": "https://vercel.com/pratiks-projects-21240a37/rakhi/i5w7xHXaNeYwtwcR42asqU5KKhho",
    "readyState": "READY",
    "target": "production",
    "deploymentApiUrl": "https://api.vercel.com/v13/deployments/dpl_i5w7xHXaNeYwtwcR42asqU5KKhho"
  },
  "message": "Deployment rakhi-5tosw1xzf-pratiks-projects-21240a37.vercel.app ready.",
  "next": [
    {
      "command": "vercel inspect rakhi-5tosw1xzf-pratiks-projects-21240a37.vercel.app",
      "when": "Inspect deployment"
    },
    {
      "command": "vercel deploy --prod",
      "when": "Promote to production"
    }
  ]
}
