Retrieving project…
Deploying pratiks-projects-21240a37/rakhi
Uploading [--------------------] (0.0B/26.7KB)
Uploading [=====---------------] (7.8KB/26.7KB)
Uploading [===============-----] (20.9KB/26.7KB)
Uploading [====================] (26.7KB/26.7KB)
Inspect: https://vercel.com/pratiks-projects-21240a37/rakhi/2Y38AdZX5t3Vr5gmXdTx428pUETF [2s]
Production: https://rakhi-ohxeirk2p-pratiks-projects-21240a37.vercel.app [2s]
Building...
Building...
Building: Running build in Washington, D.C., USA (East) – iad1
Building: Build machine configuration: 2 cores, 8 GB
Building: Retrieving list of deployment files...
Building: Previous build caches not available.
Building: Downloading 15 deployment files...
Building: Running "vercel build"
Building: Vercel CLI 59.3.0
Building: Build Completed in /vercel/output [32ms]
Building: Deploying outputs...
Production: https://rakhi-ohxeirk2p-pratiks-projects-21240a37.vercel.app [6s]
Completing...
Aliased: https://rakhi-eta-five.vercel.app [6s]
{
  "status": "ok",
  "deployment": {
    "id": "dpl_2Y38AdZX5t3Vr5gmXdTx428pUETF",
    "url": "https://rakhi-ohxeirk2p-pratiks-projects-21240a37.vercel.app",
    "inspectorUrl": "https://vercel.com/pratiks-projects-21240a37/rakhi/2Y38AdZX5t3Vr5gmXdTx428pUETF",
    "readyState": "READY",
    "target": "production",
    "deploymentApiUrl": "https://api.vercel.com/v13/deployments/dpl_2Y38AdZX5t3Vr5gmXdTx428pUETF"
  },
  "message": "Deployment rakhi-ohxeirk2p-pratiks-projects-21240a37.vercel.app ready.",
  "next": [
    {
      "command": "vercel inspect rakhi-ohxeirk2p-pratiks-projects-21240a37.vercel.app",
      "when": "Inspect deployment"
    },
    {
      "command": "vercel deploy --prod",
      "when": "Promote to production"
    }
  ]
}
