The "--name" option is deprecated (https://vercel.link/name-flag)
Retrieving project…
Deploying pratiks-projects-21240a37/rakhi
Uploading [--------------------] (0.0B/4.8MB)
Uploading [=====---------------] (1.2MB/4.8MB)
Uploading [==========----------] (2.4MB/4.8MB)
Uploading [===============-----] (3.6MB/4.8MB)
Uploading [====================] (4.8MB/4.8MB)
Inspect: https://vercel.com/pratiks-projects-21240a37/rakhi/6HR165wBA3ZTG5WT7sWJp2QQuxm1 [4s]
Production: https://rakhi-61c7q32u3-pratiks-projects-21240a37.vercel.app [4s]
Building...
Building...
Building: Running build in Washington, D.C., USA (East) – iad1
Building: Build machine configuration: 2 cores, 8 GB
Building: Retrieving list of deployment files...
Building: Previous build caches not available.
Building: Downloading 14 deployment files...
Production: https://rakhi-61c7q32u3-pratiks-projects-21240a37.vercel.app [8s]
Completing...
Aliased: https://rakhi-eta-five.vercel.app [8s]
{
  "status": "ok",
  "deployment": {
    "id": "dpl_6HR165wBA3ZTG5WT7sWJp2QQuxm1",
    "url": "https://rakhi-61c7q32u3-pratiks-projects-21240a37.vercel.app",
    "inspectorUrl": "https://vercel.com/pratiks-projects-21240a37/rakhi/6HR165wBA3ZTG5WT7sWJp2QQuxm1",
    "readyState": "READY",
    "target": "production",
    "deploymentApiUrl": "https://api.vercel.com/v13/deployments/dpl_6HR165wBA3ZTG5WT7sWJp2QQuxm1"
  },
  "message": "Deployment rakhi-61c7q32u3-pratiks-projects-21240a37.vercel.app ready.",
  "next": [
    {
      "command": "vercel inspect rakhi-61c7q32u3-pratiks-projects-21240a37.vercel.app",
      "when": "Inspect deployment"
    },
    {
      "command": "vercel deploy --prod",
      "when": "Promote to production"
    }
  ]
}
