Retrieving project…
Deploying pratiks-projects-21240a37/rakhi
Uploading [--------------------] (0.0B/1.5MB)
Uploading [=====---------------] (381.4KB/1.5MB)
Uploading [==========----------] (749.4KB/1.5MB)
Uploading [===============-----] (1.1MB/1.5MB)
Uploading [====================] (1.5MB/1.5MB)
Inspect: https://vercel.com/pratiks-projects-21240a37/rakhi/B9gjbXYoaV4BXpoAY6rwx1XFirNr [4s]
Production: https://rakhi-4kqdwh5zn-pratiks-projects-21240a37.vercel.app [4s]
Building...
Building...
Building: Running build in Washington, D.C., USA (East) – iad1
Building: Build machine configuration: 2 cores, 8 GB
Building: Retrieving list of deployment files...
Building: Previous build caches not available.
Building: Downloading 14 deployment files...
Building: Running "vercel build"
Building: Vercel CLI 59.3.0
Building: Build Completed in /vercel/output [32ms]
Building: Deploying outputs...
Production: https://rakhi-4kqdwh5zn-pratiks-projects-21240a37.vercel.app [7s]
Completing...
Aliased: https://rakhi-eta-five.vercel.app [7s]
{
  "status": "ok",
  "deployment": {
    "id": "dpl_B9gjbXYoaV4BXpoAY6rwx1XFirNr",
    "url": "https://rakhi-4kqdwh5zn-pratiks-projects-21240a37.vercel.app",
    "inspectorUrl": "https://vercel.com/pratiks-projects-21240a37/rakhi/B9gjbXYoaV4BXpoAY6rwx1XFirNr",
    "readyState": "READY",
    "target": "production",
    "deploymentApiUrl": "https://api.vercel.com/v13/deployments/dpl_B9gjbXYoaV4BXpoAY6rwx1XFirNr"
  },
  "message": "Deployment rakhi-4kqdwh5zn-pratiks-projects-21240a37.vercel.app ready.",
  "next": [
    {
      "command": "vercel inspect rakhi-4kqdwh5zn-pratiks-projects-21240a37.vercel.app",
      "when": "Inspect deployment"
    },
    {
      "command": "vercel deploy --prod",
      "when": "Promote to production"
    }
  ]
}
