Retrieving project…
Deploying pratiks-projects-21240a37/rakhi
Uploading [--------------------] (0.0B/6KB)
Uploading [====================] (6.0KB/6KB)
Inspect: https://vercel.com/pratiks-projects-21240a37/rakhi/G9dviGxVJc5HAJzTcgMDrTinFWVH [2s]
Production: https://rakhi-52sd4h8dl-pratiks-projects-21240a37.vercel.app [2s]
Building...
Building...
Building: Running build in Washington, D.C., USA (East) – iad1
Building: Build machine configuration: 2 cores, 8 GB
Building: Retrieving list of deployment files...
Production: https://rakhi-52sd4h8dl-pratiks-projects-21240a37.vercel.app [5s]
Completing...
Aliased: https://rakhi-eta-five.vercel.app [5s]
{
  "status": "ok",
  "deployment": {
    "id": "dpl_G9dviGxVJc5HAJzTcgMDrTinFWVH",
    "url": "https://rakhi-52sd4h8dl-pratiks-projects-21240a37.vercel.app",
    "inspectorUrl": "https://vercel.com/pratiks-projects-21240a37/rakhi/G9dviGxVJc5HAJzTcgMDrTinFWVH",
    "readyState": "READY",
    "target": "production",
    "deploymentApiUrl": "https://api.vercel.com/v13/deployments/dpl_G9dviGxVJc5HAJzTcgMDrTinFWVH"
  },
  "message": "Deployment rakhi-52sd4h8dl-pratiks-projects-21240a37.vercel.app ready.",
  "next": [
    {
      "command": "vercel inspect rakhi-52sd4h8dl-pratiks-projects-21240a37.vercel.app",
      "when": "Inspect deployment"
    },
    {
      "command": "vercel deploy --prod",
      "when": "Promote to production"
    }
  ]
}
