Retrieving project…
Deploying pratiks-projects-21240a37/rakhi
Uploading [--------------------] (0.0B/13KB)
Uploading [====================] (13.0KB/13KB)
Inspect: https://vercel.com/pratiks-projects-21240a37/rakhi/DbUCXhoHg4PnBATmu36nQTXYLiWj [2s]
Production: https://rakhi-mditfe2hk-pratiks-projects-21240a37.vercel.app [2s]
Building...
Building...
Building: Running build in Washington, D.C., USA (East) – iad1
Building: Build machine configuration: 2 cores, 8 GB
Building: Retrieving list of deployment files...
Building: Previous build caches not available.
Building: Downloading 15 deployment files...
Production: https://rakhi-mditfe2hk-pratiks-projects-21240a37.vercel.app [7s]
Completing...
Aliased: https://rakhi-eta-five.vercel.app [7s]
{
  "status": "ok",
  "deployment": {
    "id": "dpl_DbUCXhoHg4PnBATmu36nQTXYLiWj",
    "url": "https://rakhi-mditfe2hk-pratiks-projects-21240a37.vercel.app",
    "inspectorUrl": "https://vercel.com/pratiks-projects-21240a37/rakhi/DbUCXhoHg4PnBATmu36nQTXYLiWj",
    "readyState": "READY",
    "target": "production",
    "deploymentApiUrl": "https://api.vercel.com/v13/deployments/dpl_DbUCXhoHg4PnBATmu36nQTXYLiWj"
  },
  "message": "Deployment rakhi-mditfe2hk-pratiks-projects-21240a37.vercel.app ready.",
  "next": [
    {
      "command": "vercel inspect rakhi-mditfe2hk-pratiks-projects-21240a37.vercel.app",
      "when": "Inspect deployment"
    },
    {
      "command": "vercel deploy --prod",
      "when": "Promote to production"
    }
  ]
}
