Retrieving project…
Deploying pratiks-projects-21240a37/rakhi
Uploading [--------------------] (0.0B/7.7KB)
Uploading [====================] (7.7KB/7.7KB)
Inspect: https://vercel.com/pratiks-projects-21240a37/rakhi/E8dh8wStKCQ7xkouXay23mDuCEZe [2s]
Production: https://rakhi-31fu7agmb-pratiks-projects-21240a37.vercel.app [2s]
Building...
Building...
Building: Running build in Washington, D.C., USA (East) – iad1
Building: Build machine configuration: 2 cores, 8 GB
Building: Retrieving list of deployment files...
Building: Previous build caches not available.
Building: Downloading 9 deployment files...
Production: https://rakhi-31fu7agmb-pratiks-projects-21240a37.vercel.app [5s]
Completing...
Aliased: https://rakhi-eta-five.vercel.app [5s]
{
  "status": "ok",
  "deployment": {
    "id": "dpl_E8dh8wStKCQ7xkouXay23mDuCEZe",
    "url": "https://rakhi-31fu7agmb-pratiks-projects-21240a37.vercel.app",
    "inspectorUrl": "https://vercel.com/pratiks-projects-21240a37/rakhi/E8dh8wStKCQ7xkouXay23mDuCEZe",
    "readyState": "READY",
    "target": "production",
    "deploymentApiUrl": "https://api.vercel.com/v13/deployments/dpl_E8dh8wStKCQ7xkouXay23mDuCEZe"
  },
  "message": "Deployment rakhi-31fu7agmb-pratiks-projects-21240a37.vercel.app ready.",
  "next": [
    {
      "command": "vercel inspect rakhi-31fu7agmb-pratiks-projects-21240a37.vercel.app",
      "when": "Inspect deployment"
    },
    {
      "command": "vercel deploy --prod",
      "when": "Promote to production"
    }
  ]
}
