Retrieving project…
Deploying pratiks-projects-21240a37/rakhi
Uploading [--------------------] (0.0B/26.9KB)
Uploading [=====---------------] (7.8KB/26.9KB)
Uploading [==========----------] (13.8KB/26.9KB)
Uploading [====================] (26.9KB/26.9KB)
Inspect: https://vercel.com/pratiks-projects-21240a37/rakhi/32WSUDXj58DZLWsBrkdSqVxtvX7e [2s]
Production: https://rakhi-o4uqxesz5-pratiks-projects-21240a37.vercel.app [2s]
Building...
Building...
Production: https://rakhi-o4uqxesz5-pratiks-projects-21240a37.vercel.app [5s]
Completing...
Aliased: https://rakhi-eta-five.vercel.app [5s]
{
  "status": "ok",
  "deployment": {
    "id": "dpl_32WSUDXj58DZLWsBrkdSqVxtvX7e",
    "url": "https://rakhi-o4uqxesz5-pratiks-projects-21240a37.vercel.app",
    "inspectorUrl": "https://vercel.com/pratiks-projects-21240a37/rakhi/32WSUDXj58DZLWsBrkdSqVxtvX7e",
    "readyState": "READY",
    "target": "production",
    "deploymentApiUrl": "https://api.vercel.com/v13/deployments/dpl_32WSUDXj58DZLWsBrkdSqVxtvX7e"
  },
  "message": "Deployment rakhi-o4uqxesz5-pratiks-projects-21240a37.vercel.app ready.",
  "next": [
    {
      "command": "vercel inspect rakhi-o4uqxesz5-pratiks-projects-21240a37.vercel.app",
      "when": "Inspect deployment"
    },
    {
      "command": "vercel deploy --prod",
      "when": "Promote to production"
    }
  ]
}
