::1 - - [28/Aug/2026 19:44:59] "GET / HTTP/1.1" 200 -
::1 - - [28/Aug/2026 19:44:59] "GET /style.css HTTP/1.1" 200 -
::1 - - [28/Aug/2026 19:44:59] "GET /script.js HTTP/1.1" 200 -
::1 - - [28/Aug/2026 19:44:59] code 404, message File not found
::1 - - [28/Aug/2026 19:44:59] "HEAD /assets/images/1.jpg HTTP/1.1" 404 -
::1 - - [28/Aug/2026 19:44:59] code 404, message File not found
::1 - - [28/Aug/2026 19:44:59] "HEAD /assets/images/1.jpeg HTTP/1.1" 404 -
::1 - - [28/Aug/2026 19:44:59] code 404, message File not found
::1 - - [28/Aug/2026 19:44:59] "HEAD /assets/images/1.png HTTP/1.1" 404 -
::1 - - [28/Aug/2026 19:44:59] code 404, message File not found
::1 - - [28/Aug/2026 19:44:59] "HEAD /assets/images/2.jpg HTTP/1.1" 404 -
::1 - - [28/Aug/2026 19:44:59] code 404, message File not found
::1 - - [28/Aug/2026 19:44:59] "HEAD /assets/images/2.jpeg HTTP/1.1" 404 -
::1 - - [28/Aug/2026 19:44:59] code 404, message File not found
::1 - - [28/Aug/2026 19:44:59] "HEAD /assets/images/2.png HTTP/1.1" 404 -
::1 - - [28/Aug/2026 19:44:59] code 404, message File not found
::1 - - [28/Aug/2026 19:44:59] "HEAD /assets/images/3.jpg HTTP/1.1" 404 -
::1 - - [28/Aug/2026 19:44:59] code 404, message File not found
::1 - - [28/Aug/2026 19:44:59] "HEAD /assets/images/3.jpeg HTTP/1.1" 404 -
::1 - - [28/Aug/2026 19:44:59] code 404, message File not found
::1 - - [28/Aug/2026 19:44:59] "HEAD /assets/images/3.png HTTP/1.1" 404 -
::1 - - [28/Aug/2026 19:44:59] code 404, message File not found
::1 - - [28/Aug/2026 19:44:59] "HEAD /assets/images/4.jpg HTTP/1.1" 404 -
::1 - - [28/Aug/2026 19:44:59] code 404, message File not found
::1 - - [28/Aug/2026 19:44:59] "HEAD /assets/images/4.jpeg HTTP/1.1" 404 -
::1 - - [28/Aug/2026 19:44:59] code 404, message File not found
::1 - - [28/Aug/2026 19:44:59] "HEAD /assets/images/4.png HTTP/1.1" 404 -
::1 - - [28/Aug/2026 19:44:59] code 404, message File not found
::1 - - [28/Aug/2026 19:44:59] "HEAD /assets/images/5.jpg HTTP/1.1" 404 -
::1 - - [28/Aug/2026 19:44:59] code 404, message File not found
::1 - - [28/Aug/2026 19:44:59] "HEAD /assets/images/5.jpeg HTTP/1.1" 404 -
::1 - - [28/Aug/2026 19:44:59] code 404, message File not found
::1 - - [28/Aug/2026 19:44:59] "HEAD /assets/images/5.png HTTP/1.1" 404 -
::1 - - [28/Aug/2026 19:44:59] code 404, message File not found
::1 - - [28/Aug/2026 19:44:59] "HEAD /assets/images/6.jpg HTTP/1.1" 404 -
::1 - - [28/Aug/2026 19:44:59] code 404, message File not found
::1 - - [28/Aug/2026 19:44:59] "HEAD /assets/images/6.jpeg HTTP/1.1" 404 -
::1 - - [28/Aug/2026 19:44:59] code 404, message File not found
::1 - - [28/Aug/2026 19:44:59] "HEAD /assets/images/6.png HTTP/1.1" 404 -
::1 - - [28/Aug/2026 19:44:59] code 404, message File not found
::1 - - [28/Aug/2026 19:44:59] "HEAD /assets/images/7.jpg HTTP/1.1" 404 -
::1 - - [28/Aug/2026 19:44:59] code 404, message File not found
::1 - - [28/Aug/2026 19:44:59] "HEAD /assets/images/7.jpeg HTTP/1.1" 404 -
::1 - - [28/Aug/2026 19:44:59] code 404, message File not found
::1 - - [28/Aug/2026 19:44:59] "HEAD /assets/images/7.png HTTP/1.1" 404 -
::1 - - [28/Aug/2026 19:44:59] code 404, message File not found
::1 - - [28/Aug/2026 19:44:59] "HEAD /assets/images/8.jpg HTTP/1.1" 404 -
::1 - - [28/Aug/2026 19:44:59] code 404, message File not found
::1 - - [28/Aug/2026 19:44:59] "HEAD /assets/images/8.jpeg HTTP/1.1" 404 -
::1 - - [28/Aug/2026 19:44:59] code 404, message File not found
::1 - - [28/Aug/2026 19:44:59] "HEAD /assets/images/8.png HTTP/1.1" 404 -
::1 - - [28/Aug/2026 19:44:59] code 404, message File not found
::1 - - [28/Aug/2026 19:44:59] "HEAD /assets/images/9.jpg HTTP/1.1" 404 -
::1 - - [28/Aug/2026 19:44:59] code 404, message File not found
::1 - - [28/Aug/2026 19:44:59] "HEAD /assets/images/9.jpeg HTTP/1.1" 404 -
::1 - - [28/Aug/2026 19:44:59] code 404, message File not found
::1 - - [28/Aug/2026 19:44:59] "HEAD /assets/images/9.png HTTP/1.1" 404 -
::1 - - [28/Aug/2026 19:44:59] code 404, message File not found
::1 - - [28/Aug/2026 19:44:59] "HEAD /assets/images/10.jpg HTTP/1.1" 404 -
::1 - - [28/Aug/2026 19:44:59] code 404, message File not found
::1 - - [28/Aug/2026 19:44:59] "HEAD /assets/images/10.jpeg HTTP/1.1" 404 -
::1 - - [28/Aug/2026 19:44:59] code 404, message File not found
::1 - - [28/Aug/2026 19:44:59] "HEAD /assets/images/10.png HTTP/1.1" 404 -
::1 - - [28/Aug/2026 19:45:00] code 404, message File not found
::1 - - [28/Aug/2026 19:45:00] "GET /favicon.ico HTTP/1.1" 404 -
::1 - - [28/Aug/2026 19:45:02] code 404, message File not found
::1 - - [28/Aug/2026 19:45:02] "GET /favicon.ico HTTP/1.1" 404 -
::1 - - [28/Aug/2026 19:46:54] "GET /style.css HTTP/1.1" 304 -
::1 - - [28/Aug/2026 19:46:54] code 404, message File not found
::1 - - [28/Aug/2026 19:46:54] "GET /.well-known/appspecific/com.chrome.devtools.json HTTP/1.1" 404 -
::1 - - [28/Aug/2026 19:53:04] "GET / HTTP/1.1" 200 -
::1 - - [28/Aug/2026 19:53:04] "GET /style.css HTTP/1.1" 304 -
::1 - - [28/Aug/2026 19:53:04] "GET /script.js HTTP/1.1" 200 -
::1 - - [28/Aug/2026 19:53:04] code 404, message File not found
::1 - - [28/Aug/2026 19:53:04] "HEAD /assets/images/1.jpg HTTP/1.1" 404 -
::1 - - [28/Aug/2026 19:53:04] code 404, message File not found
::1 - - [28/Aug/2026 19:53:04] "HEAD /assets/images/1.jpeg HTTP/1.1" 404 -
::1 - - [28/Aug/2026 19:53:04] code 404, message File not found
::1 - - [28/Aug/2026 19:53:04] "HEAD /assets/images/1.png HTTP/1.1" 404 -
::1 - - [28/Aug/2026 19:53:04] code 404, message File not found
::1 - - [28/Aug/2026 19:53:04] "HEAD /assets/images/2.jpg HTTP/1.1" 404 -
::1 - - [28/Aug/2026 19:53:04] code 404, message File not found
::1 - - [28/Aug/2026 19:53:04] "HEAD /assets/images/2.jpeg HTTP/1.1" 404 -
::1 - - [28/Aug/2026 19:53:04] code 404, message File not found
::1 - - [28/Aug/2026 19:53:04] "HEAD /assets/images/2.png HTTP/1.1" 404 -
::1 - - [28/Aug/2026 19:53:04] code 404, message File not found
::1 - - [28/Aug/2026 19:53:04] "HEAD /assets/images/3.jpg HTTP/1.1" 404 -
::1 - - [28/Aug/2026 19:53:04] code 404, message File not found
::1 - - [28/Aug/2026 19:53:04] "HEAD /assets/images/3.jpeg HTTP/1.1" 404 -
::1 - - [28/Aug/2026 19:53:04] code 404, message File not found
::1 - - [28/Aug/2026 19:53:04] "HEAD /assets/images/3.png HTTP/1.1" 404 -
::1 - - [28/Aug/2026 19:53:04] code 404, message File not found
::1 - - [28/Aug/2026 19:53:04] "HEAD /assets/images/4.jpg HTTP/1.1" 404 -
::1 - - [28/Aug/2026 19:53:04] code 404, message File not found
::1 - - [28/Aug/2026 19:53:04] "HEAD /assets/images/4.jpeg HTTP/1.1" 404 -
::1 - - [28/Aug/2026 19:53:04] code 404, message File not found
::1 - - [28/Aug/2026 19:53:04] "HEAD /assets/images/4.png HTTP/1.1" 404 -
::1 - - [28/Aug/2026 19:53:04] code 404, message File not found
::1 - - [28/Aug/2026 19:53:04] "HEAD /assets/images/5.jpg HTTP/1.1" 404 -
::1 - - [28/Aug/2026 19:53:04] code 404, message File not found
::1 - - [28/Aug/2026 19:53:04] "HEAD /assets/images/5.jpeg HTTP/1.1" 404 -
::1 - - [28/Aug/2026 19:53:04] code 404, message File not found
::1 - - [28/Aug/2026 19:53:04] "HEAD /assets/images/5.png HTTP/1.1" 404 -
::1 - - [28/Aug/2026 19:53:04] code 404, message File not found
::1 - - [28/Aug/2026 19:53:04] "HEAD /assets/images/6.jpg HTTP/1.1" 404 -
::1 - - [28/Aug/2026 19:53:04] code 404, message File not found
::1 - - [28/Aug/2026 19:53:04] "HEAD /assets/images/6.jpeg HTTP/1.1" 404 -
::1 - - [28/Aug/2026 19:53:04] code 404, message File not found
::1 - - [28/Aug/2026 19:53:04] "HEAD /assets/images/6.png HTTP/1.1" 404 -
::1 - - [28/Aug/2026 19:53:04] code 404, message File not found
::1 - - [28/Aug/2026 19:53:04] "HEAD /assets/images/7.jpg HTTP/1.1" 404 -
::1 - - [28/Aug/2026 19:53:04] code 404, message File not found
::1 - - [28/Aug/2026 19:53:04] "HEAD /assets/images/7.jpeg HTTP/1.1" 404 -
::1 - - [28/Aug/2026 19:53:04] code 404, message File not found
::1 - - [28/Aug/2026 19:53:04] "HEAD /assets/images/7.png HTTP/1.1" 404 -
::1 - - [28/Aug/2026 19:53:04] code 404, message File not found
::1 - - [28/Aug/2026 19:53:04] "HEAD /assets/images/8.jpg HTTP/1.1" 404 -
::1 - - [28/Aug/2026 19:53:04] code 404, message File not found
::1 - - [28/Aug/2026 19:53:04] "HEAD /assets/images/8.jpeg HTTP/1.1" 404 -
::1 - - [28/Aug/2026 19:53:04] code 404, message File not found
::1 - - [28/Aug/2026 19:53:04] "HEAD /assets/images/8.png HTTP/1.1" 404 -
::1 - - [28/Aug/2026 19:53:04] code 404, message File not found
::1 - - [28/Aug/2026 19:53:04] "HEAD /assets/images/9.jpg HTTP/1.1" 404 -
::1 - - [28/Aug/2026 19:53:04] code 404, message File not found
::1 - - [28/Aug/2026 19:53:04] "HEAD /assets/images/9.jpeg HTTP/1.1" 404 -
::1 - - [28/Aug/2026 19:53:04] code 404, message File not found
::1 - - [28/Aug/2026 19:53:04] "HEAD /assets/images/9.png HTTP/1.1" 404 -
::1 - - [28/Aug/2026 19:53:04] code 404, message File not found
::1 - - [28/Aug/2026 19:53:04] "HEAD /assets/images/10.jpg HTTP/1.1" 404 -
::1 - - [28/Aug/2026 19:53:04] code 404, message File not found
::1 - - [28/Aug/2026 19:53:04] "HEAD /assets/images/10.jpeg HTTP/1.1" 404 -
::1 - - [28/Aug/2026 19:53:04] code 404, message File not found
::1 - - [28/Aug/2026 19:53:04] "HEAD /assets/images/10.png HTTP/1.1" 404 -
::1 - - [28/Aug/2026 19:53:08] code 404, message File not found
::1 - - [28/Aug/2026 19:53:08] "GET /favicon.ico HTTP/1.1" 404 -
::1 - - [28/Aug/2026 21:23:40] "GET / HTTP/1.1" 200 -
::1 - - [28/Aug/2026 21:23:40] "GET /style.css HTTP/1.1" 304 -
::1 - - [28/Aug/2026 21:23:40] "GET /script.js HTTP/1.1" 304 -
::1 - - [28/Aug/2026 21:23:40] code 404, message File not found
::1 - - [28/Aug/2026 21:23:40] "HEAD /assets/images/1.jpg HTTP/1.1" 404 -
::1 - - [28/Aug/2026 21:23:40] code 404, message File not found
::1 - - [28/Aug/2026 21:23:40] "HEAD /assets/images/1.jpeg HTTP/1.1" 404 -
::1 - - [28/Aug/2026 21:23:40] code 404, message File not found
::1 - - [28/Aug/2026 21:23:40] "HEAD /assets/images/1.png HTTP/1.1" 404 -
::1 - - [28/Aug/2026 21:23:40] code 404, message File not found
::1 - - [28/Aug/2026 21:23:40] "HEAD /assets/images/2.jpg HTTP/1.1" 404 -
::1 - - [28/Aug/2026 21:23:40] code 404, message File not found
::1 - - [28/Aug/2026 21:23:40] "HEAD /assets/images/2.jpeg HTTP/1.1" 404 -
::1 - - [28/Aug/2026 21:23:40] code 404, message File not found
::1 - - [28/Aug/2026 21:23:40] "HEAD /assets/images/2.png HTTP/1.1" 404 -
::1 - - [28/Aug/2026 21:23:40] code 404, message File not found
::1 - - [28/Aug/2026 21:23:40] "HEAD /assets/images/3.jpg HTTP/1.1" 404 -
::1 - - [28/Aug/2026 21:23:40] code 404, message File not found
::1 - - [28/Aug/2026 21:23:40] "HEAD /assets/images/3.jpeg HTTP/1.1" 404 -
::1 - - [28/Aug/2026 21:23:40] code 404, message File not found
::1 - - [28/Aug/2026 21:23:40] "HEAD /assets/images/3.png HTTP/1.1" 404 -
::1 - - [28/Aug/2026 21:23:40] code 404, message File not found
::1 - - [28/Aug/2026 21:23:40] "HEAD /assets/images/4.jpg HTTP/1.1" 404 -
::1 - - [28/Aug/2026 21:23:40] code 404, message File not found
::1 - - [28/Aug/2026 21:23:40] "HEAD /assets/images/4.jpeg HTTP/1.1" 404 -
::1 - - [28/Aug/2026 21:23:40] code 404, message File not found
::1 - - [28/Aug/2026 21:23:40] "HEAD /assets/images/4.png HTTP/1.1" 404 -
::1 - - [28/Aug/2026 21:23:40] code 404, message File not found
::1 - - [28/Aug/2026 21:23:40] "HEAD /assets/images/5.jpg HTTP/1.1" 404 -
::1 - - [28/Aug/2026 21:23:40] code 404, message File not found
::1 - - [28/Aug/2026 21:23:40] "HEAD /assets/images/5.jpeg HTTP/1.1" 404 -
::1 - - [28/Aug/2026 21:23:40] code 404, message File not found
::1 - - [28/Aug/2026 21:23:40] "HEAD /assets/images/5.png HTTP/1.1" 404 -
::1 - - [28/Aug/2026 21:23:40] code 404, message File not found
::1 - - [28/Aug/2026 21:23:40] "HEAD /assets/images/6.jpg HTTP/1.1" 404 -
::1 - - [28/Aug/2026 21:23:40] code 404, message File not found
::1 - - [28/Aug/2026 21:23:40] "HEAD /assets/images/6.jpeg HTTP/1.1" 404 -
::1 - - [28/Aug/2026 21:23:40] code 404, message File not found
::1 - - [28/Aug/2026 21:23:40] "HEAD /assets/images/6.png HTTP/1.1" 404 -
::1 - - [28/Aug/2026 21:23:40] code 404, message File not found
::1 - - [28/Aug/2026 21:23:40] "HEAD /assets/images/7.jpg HTTP/1.1" 404 -
::1 - - [28/Aug/2026 21:23:40] code 404, message File not found
::1 - - [28/Aug/2026 21:23:40] "HEAD /assets/images/7.jpeg HTTP/1.1" 404 -
::1 - - [28/Aug/2026 21:23:40] code 404, message File not found
::1 - - [28/Aug/2026 21:23:40] "HEAD /assets/images/7.png HTTP/1.1" 404 -
::1 - - [28/Aug/2026 21:23:40] code 404, message File not found
::1 - - [28/Aug/2026 21:23:40] "HEAD /assets/images/8.jpg HTTP/1.1" 404 -
::1 - - [28/Aug/2026 21:23:40] code 404, message File not found
::1 - - [28/Aug/2026 21:23:40] "HEAD /assets/images/8.jpeg HTTP/1.1" 404 -
::1 - - [28/Aug/2026 21:23:40] code 404, message File not found
::1 - - [28/Aug/2026 21:23:40] "HEAD /assets/images/8.png HTTP/1.1" 404 -
::1 - - [28/Aug/2026 21:23:40] code 404, message File not found
::1 - - [28/Aug/2026 21:23:40] "HEAD /assets/images/9.jpg HTTP/1.1" 404 -
::1 - - [28/Aug/2026 21:23:40] code 404, message File not found
::1 - - [28/Aug/2026 21:23:40] "HEAD /assets/images/9.jpeg HTTP/1.1" 404 -
::1 - - [28/Aug/2026 21:23:40] code 404, message File not found
::1 - - [28/Aug/2026 21:23:40] "HEAD /assets/images/9.png HTTP/1.1" 404 -
::1 - - [28/Aug/2026 21:23:40] code 404, message File not found
::1 - - [28/Aug/2026 21:23:40] "HEAD /assets/images/10.jpg HTTP/1.1" 404 -
::1 - - [28/Aug/2026 21:23:40] code 404, message File not found
::1 - - [28/Aug/2026 21:23:40] "HEAD /assets/images/10.jpeg HTTP/1.1" 404 -
::1 - - [28/Aug/2026 21:23:40] code 404, message File not found
::1 - - [28/Aug/2026 21:23:40] "HEAD /assets/images/10.png HTTP/1.1" 404 -
::1 - - [28/Aug/2026 21:26:20] "GET / HTTP/1.1" 304 -
::1 - - [28/Aug/2026 21:26:20] code 404, message File not found
::1 - - [28/Aug/2026 21:26:20] "HEAD /assets/images/1.jpg HTTP/1.1" 404 -
::1 - - [28/Aug/2026 21:26:20] code 404, message File not found
::1 - - [28/Aug/2026 21:26:20] "HEAD /assets/images/1.jpeg HTTP/1.1" 404 -
::1 - - [28/Aug/2026 21:26:20] code 404, message File not found
::1 - - [28/Aug/2026 21:26:20] "HEAD /assets/images/1.png HTTP/1.1" 404 -
::1 - - [28/Aug/2026 21:26:20] code 404, message File not found
::1 - - [28/Aug/2026 21:26:20] "HEAD /assets/images/2.jpg HTTP/1.1" 404 -
::1 - - [28/Aug/2026 21:26:20] code 404, message File not found
::1 - - [28/Aug/2026 21:26:20] "HEAD /assets/images/2.jpeg HTTP/1.1" 404 -
::1 - - [28/Aug/2026 21:26:20] code 404, message File not found
::1 - - [28/Aug/2026 21:26:20] "HEAD /assets/images/2.png HTTP/1.1" 404 -
::1 - - [28/Aug/2026 21:26:20] code 404, message File not found
::1 - - [28/Aug/2026 21:26:20] "HEAD /assets/images/3.jpg HTTP/1.1" 404 -
::1 - - [28/Aug/2026 21:26:20] code 404, message File not found
::1 - - [28/Aug/2026 21:26:20] "HEAD /assets/images/3.jpeg HTTP/1.1" 404 -
::1 - - [28/Aug/2026 21:26:20] code 404, message File not found
::1 - - [28/Aug/2026 21:26:20] "HEAD /assets/images/3.png HTTP/1.1" 404 -
::1 - - [28/Aug/2026 21:26:20] code 404, message File not found
::1 - - [28/Aug/2026 21:26:20] "HEAD /assets/images/4.jpg HTTP/1.1" 404 -
::1 - - [28/Aug/2026 21:26:20] code 404, message File not found
::1 - - [28/Aug/2026 21:26:20] "HEAD /assets/images/4.jpeg HTTP/1.1" 404 -
::1 - - [28/Aug/2026 21:26:20] code 404, message File not found
::1 - - [28/Aug/2026 21:26:20] "HEAD /assets/images/4.png HTTP/1.1" 404 -
::1 - - [28/Aug/2026 21:26:20] code 404, message File not found
::1 - - [28/Aug/2026 21:26:20] "HEAD /assets/images/5.jpg HTTP/1.1" 404 -
::1 - - [28/Aug/2026 21:26:20] code 404, message File not found
::1 - - [28/Aug/2026 21:26:20] "HEAD /assets/images/5.jpeg HTTP/1.1" 404 -
::1 - - [28/Aug/2026 21:26:20] code 404, message File not found
::1 - - [28/Aug/2026 21:26:20] "HEAD /assets/images/5.png HTTP/1.1" 404 -
::1 - - [28/Aug/2026 21:26:20] code 404, message File not found
::1 - - [28/Aug/2026 21:26:20] "HEAD /assets/images/6.jpg HTTP/1.1" 404 -
::1 - - [28/Aug/2026 21:26:20] code 404, message File not found
::1 - - [28/Aug/2026 21:26:20] "HEAD /assets/images/6.jpeg HTTP/1.1" 404 -
::1 - - [28/Aug/2026 21:26:20] code 404, message File not found
::1 - - [28/Aug/2026 21:26:20] "HEAD /assets/images/6.png HTTP/1.1" 404 -
::1 - - [28/Aug/2026 21:26:20] code 404, message File not found
::1 - - [28/Aug/2026 21:26:20] "HEAD /assets/images/7.jpg HTTP/1.1" 404 -
::1 - - [28/Aug/2026 21:26:20] code 404, message File not found
::1 - - [28/Aug/2026 21:26:20] "HEAD /assets/images/7.jpeg HTTP/1.1" 404 -
::1 - - [28/Aug/2026 21:26:20] code 404, message File not found
::1 - - [28/Aug/2026 21:26:20] "HEAD /assets/images/7.png HTTP/1.1" 404 -
::1 - - [28/Aug/2026 21:26:20] code 404, message File not found
::1 - - [28/Aug/2026 21:26:20] "HEAD /assets/images/8.jpg HTTP/1.1" 404 -
::1 - - [28/Aug/2026 21:26:20] code 404, message File not found
::1 - - [28/Aug/2026 21:26:20] "HEAD /assets/images/8.jpeg HTTP/1.1" 404 -
::1 - - [28/Aug/2026 21:26:20] code 404, message File not found
::1 - - [28/Aug/2026 21:26:20] "HEAD /assets/images/8.png HTTP/1.1" 404 -
::1 - - [28/Aug/2026 21:26:20] code 404, message File not found
::1 - - [28/Aug/2026 21:26:20] "HEAD /assets/images/9.jpg HTTP/1.1" 404 -
::1 - - [28/Aug/2026 21:26:20] code 404, message File not found
::1 - - [28/Aug/2026 21:26:20] "HEAD /assets/images/9.jpeg HTTP/1.1" 404 -
::1 - - [28/Aug/2026 21:26:20] code 404, message File not found
::1 - - [28/Aug/2026 21:26:20] "HEAD /assets/images/9.png HTTP/1.1" 404 -
::1 - - [28/Aug/2026 21:26:20] code 404, message File not found
::1 - - [28/Aug/2026 21:26:20] "HEAD /assets/images/10.jpg HTTP/1.1" 404 -
::1 - - [28/Aug/2026 21:26:20] code 404, message File not found
::1 - - [28/Aug/2026 21:26:20] "HEAD /assets/images/10.jpeg HTTP/1.1" 404 -
::1 - - [28/Aug/2026 21:26:20] code 404, message File not found
::1 - - [28/Aug/2026 21:26:20] "HEAD /assets/images/10.png HTTP/1.1" 404 -
::1 - - [28/Aug/2026 21:27:57] code 404, message File not found
::1 - - [28/Aug/2026 21:27:57] "GET /favicon.ico HTTP/1.1" 404 -
::1 - - [28/Aug/2026 21:28:16] "GET / HTTP/1.1" 304 -
::1 - - [28/Aug/2026 21:28:16] code 404, message File not found
::1 - - [28/Aug/2026 21:28:16] "HEAD /assets/images/1.jpg HTTP/1.1" 404 -
::1 - - [28/Aug/2026 21:28:16] code 404, message File not found
::1 - - [28/Aug/2026 21:28:16] "HEAD /assets/images/1.jpeg HTTP/1.1" 404 -
::1 - - [28/Aug/2026 21:28:16] code 404, message File not found
::1 - - [28/Aug/2026 21:28:16] "HEAD /assets/images/1.png HTTP/1.1" 404 -
::1 - - [28/Aug/2026 21:28:16] code 404, message File not found
::1 - - [28/Aug/2026 21:28:16] "HEAD /assets/images/2.jpg HTTP/1.1" 404 -
::1 - - [28/Aug/2026 21:28:16] code 404, message File not found
::1 - - [28/Aug/2026 21:28:16] "HEAD /assets/images/2.jpeg HTTP/1.1" 404 -
::1 - - [28/Aug/2026 21:28:16] code 404, message File not found
::1 - - [28/Aug/2026 21:28:16] "HEAD /assets/images/2.png HTTP/1.1" 404 -
::1 - - [28/Aug/2026 21:28:16] code 404, message File not found
::1 - - [28/Aug/2026 21:28:16] "HEAD /assets/images/3.jpg HTTP/1.1" 404 -
::1 - - [28/Aug/2026 21:28:16] code 404, message File not found
::1 - - [28/Aug/2026 21:28:16] "HEAD /assets/images/3.jpeg HTTP/1.1" 404 -
::1 - - [28/Aug/2026 21:28:16] code 404, message File not found
::1 - - [28/Aug/2026 21:28:16] "HEAD /assets/images/3.png HTTP/1.1" 404 -
::1 - - [28/Aug/2026 21:28:16] code 404, message File not found
::1 - - [28/Aug/2026 21:28:16] "HEAD /assets/images/4.jpg HTTP/1.1" 404 -
::1 - - [28/Aug/2026 21:28:16] code 404, message File not found
::1 - - [28/Aug/2026 21:28:16] "HEAD /assets/images/4.jpeg HTTP/1.1" 404 -
::1 - - [28/Aug/2026 21:28:16] code 404, message File not found
::1 - - [28/Aug/2026 21:28:16] "HEAD /assets/images/4.png HTTP/1.1" 404 -
::1 - - [28/Aug/2026 21:28:16] code 404, message File not found
::1 - - [28/Aug/2026 21:28:16] "HEAD /assets/images/5.jpg HTTP/1.1" 404 -
::1 - - [28/Aug/2026 21:28:16] code 404, message File not found
::1 - - [28/Aug/2026 21:28:16] "HEAD /assets/images/5.jpeg HTTP/1.1" 404 -
::1 - - [28/Aug/2026 21:28:16] code 404, message File not found
::1 - - [28/Aug/2026 21:28:16] "HEAD /assets/images/5.png HTTP/1.1" 404 -
::1 - - [28/Aug/2026 21:28:16] code 404, message File not found
::1 - - [28/Aug/2026 21:28:16] "HEAD /assets/images/6.jpg HTTP/1.1" 404 -
::1 - - [28/Aug/2026 21:28:16] code 404, message File not found
::1 - - [28/Aug/2026 21:28:16] "HEAD /assets/images/6.jpeg HTTP/1.1" 404 -
::1 - - [28/Aug/2026 21:28:16] code 404, message File not found
::1 - - [28/Aug/2026 21:28:16] "HEAD /assets/images/6.png HTTP/1.1" 404 -
::1 - - [28/Aug/2026 21:28:16] code 404, message File not found
::1 - - [28/Aug/2026 21:28:16] "HEAD /assets/images/7.jpg HTTP/1.1" 404 -
::1 - - [28/Aug/2026 21:28:16] code 404, message File not found
::1 - - [28/Aug/2026 21:28:16] "HEAD /assets/images/7.jpeg HTTP/1.1" 404 -
::1 - - [28/Aug/2026 21:28:16] code 404, message File not found
::1 - - [28/Aug/2026 21:28:16] "HEAD /assets/images/7.png HTTP/1.1" 404 -
::1 - - [28/Aug/2026 21:28:16] code 404, message File not found
::1 - - [28/Aug/2026 21:28:16] "HEAD /assets/images/8.jpg HTTP/1.1" 404 -
::1 - - [28/Aug/2026 21:28:16] code 404, message File not found
::1 - - [28/Aug/2026 21:28:16] "HEAD /assets/images/8.jpeg HTTP/1.1" 404 -
::1 - - [28/Aug/2026 21:28:16] code 404, message File not found
::1 - - [28/Aug/2026 21:28:16] "HEAD /assets/images/8.png HTTP/1.1" 404 -
::1 - - [28/Aug/2026 21:28:16] code 404, message File not found
::1 - - [28/Aug/2026 21:28:16] "HEAD /assets/images/9.jpg HTTP/1.1" 404 -
::1 - - [28/Aug/2026 21:28:16] code 404, message File not found
::1 - - [28/Aug/2026 21:28:16] "HEAD /assets/images/9.jpeg HTTP/1.1" 404 -
::1 - - [28/Aug/2026 21:28:16] code 404, message File not found
::1 - - [28/Aug/2026 21:28:16] "HEAD /assets/images/9.png HTTP/1.1" 404 -
::1 - - [28/Aug/2026 21:28:16] code 404, message File not found
::1 - - [28/Aug/2026 21:28:16] "HEAD /assets/images/10.jpg HTTP/1.1" 404 -
::1 - - [28/Aug/2026 21:28:16] code 404, message File not found
::1 - - [28/Aug/2026 21:28:16] "HEAD /assets/images/10.jpeg HTTP/1.1" 404 -
::1 - - [28/Aug/2026 21:28:16] code 404, message File not found
::1 - - [28/Aug/2026 21:28:16] "HEAD /assets/images/10.png HTTP/1.1" 404 -
::1 - - [28/Aug/2026 21:30:12] "GET / HTTP/1.1" 200 -
::1 - - [28/Aug/2026 21:30:12] "GET /assets/images/IMG_20250419_142801.jpg HTTP/1.1" 200 -
::1 - - [28/Aug/2026 21:30:12] "GET /assets/images/IMG_20260828_194851.jpg HTTP/1.1" 200 -
::1 - - [28/Aug/2026 21:30:12] "GET /assets/images/IMG_20260828_194813.jpg HTTP/1.1" 200 -
::1 - - [28/Aug/2026 21:30:12] "GET /assets/images/IMG_20260828_195413.jpg HTTP/1.1" 200 -
::1 - - [28/Aug/2026 21:30:12] "GET /assets/images/IMG_20260828_195612.jpg HTTP/1.1" 200 -
::1 - - [28/Aug/2026 21:30:12] code 404, message File not found
::1 - - [28/Aug/2026 21:30:12] "HEAD /assets/images/1.jpg HTTP/1.1" 404 -
::1 - - [28/Aug/2026 21:30:12] code 404, message File not found
::1 - - [28/Aug/2026 21:30:12] "HEAD /assets/images/1.jpeg HTTP/1.1" 404 -
::1 - - [28/Aug/2026 21:30:12] code 404, message File not found
::1 - - [28/Aug/2026 21:30:12] "HEAD /assets/images/1.png HTTP/1.1" 404 -
::1 - - [28/Aug/2026 21:30:12] code 404, message File not found
::1 - - [28/Aug/2026 21:30:12] "HEAD /assets/images/2.jpg HTTP/1.1" 404 -
::1 - - [28/Aug/2026 21:30:12] code 404, message File not found
::1 - - [28/Aug/2026 21:30:12] "HEAD /assets/images/2.jpeg HTTP/1.1" 404 -
::1 - - [28/Aug/2026 21:30:12] code 404, message File not found
::1 - - [28/Aug/2026 21:30:12] "HEAD /assets/images/2.png HTTP/1.1" 404 -
::1 - - [28/Aug/2026 21:30:12] code 404, message File not found
::1 - - [28/Aug/2026 21:30:12] "HEAD /assets/images/3.jpg HTTP/1.1" 404 -
::1 - - [28/Aug/2026 21:30:12] code 404, message File not found
::1 - - [28/Aug/2026 21:30:12] "HEAD /assets/images/3.jpeg HTTP/1.1" 404 -
::1 - - [28/Aug/2026 21:30:12] code 404, message File not found
::1 - - [28/Aug/2026 21:30:12] "HEAD /assets/images/3.png HTTP/1.1" 404 -
::1 - - [28/Aug/2026 21:30:12] code 404, message File not found
::1 - - [28/Aug/2026 21:30:12] "HEAD /assets/images/4.jpg HTTP/1.1" 404 -
::1 - - [28/Aug/2026 21:30:12] code 404, message File not found
::1 - - [28/Aug/2026 21:30:12] "HEAD /assets/images/4.jpeg HTTP/1.1" 404 -
::1 - - [28/Aug/2026 21:30:12] code 404, message File not found
::1 - - [28/Aug/2026 21:30:12] "HEAD /assets/images/4.png HTTP/1.1" 404 -
::1 - - [28/Aug/2026 21:30:12] code 404, message File not found
::1 - - [28/Aug/2026 21:30:12] "HEAD /assets/images/5.jpg HTTP/1.1" 404 -
::1 - - [28/Aug/2026 21:30:12] code 404, message File not found
::1 - - [28/Aug/2026 21:30:12] "HEAD /assets/images/5.jpeg HTTP/1.1" 404 -
::1 - - [28/Aug/2026 21:30:12] code 404, message File not found
::1 - - [28/Aug/2026 21:30:12] "HEAD /assets/images/5.png HTTP/1.1" 404 -
::1 - - [28/Aug/2026 21:30:12] code 404, message File not found
::1 - - [28/Aug/2026 21:30:12] "HEAD /assets/images/6.jpg HTTP/1.1" 404 -
::1 - - [28/Aug/2026 21:30:12] code 404, message File not found
::1 - - [28/Aug/2026 21:30:12] "HEAD /assets/images/6.jpeg HTTP/1.1" 404 -
::1 - - [28/Aug/2026 21:30:12] code 404, message File not found
::1 - - [28/Aug/2026 21:30:12] "HEAD /assets/images/6.png HTTP/1.1" 404 -
::1 - - [28/Aug/2026 21:30:12] code 404, message File not found
::1 - - [28/Aug/2026 21:30:12] "HEAD /assets/images/7.jpg HTTP/1.1" 404 -
::1 - - [28/Aug/2026 21:30:12] code 404, message File not found
::1 - - [28/Aug/2026 21:30:12] "HEAD /assets/images/7.jpeg HTTP/1.1" 404 -
::1 - - [28/Aug/2026 21:30:12] code 404, message File not found
::1 - - [28/Aug/2026 21:30:12] "HEAD /assets/images/7.png HTTP/1.1" 404 -
::1 - - [28/Aug/2026 21:30:12] code 404, message File not found
::1 - - [28/Aug/2026 21:30:12] "HEAD /assets/images/8.jpg HTTP/1.1" 404 -
::1 - - [28/Aug/2026 21:30:12] code 404, message File not found
::1 - - [28/Aug/2026 21:30:12] "HEAD /assets/images/8.jpeg HTTP/1.1" 404 -
::1 - - [28/Aug/2026 21:30:12] code 404, message File not found
::1 - - [28/Aug/2026 21:30:12] "HEAD /assets/images/8.png HTTP/1.1" 404 -
::1 - - [28/Aug/2026 21:30:12] code 404, message File not found
::1 - - [28/Aug/2026 21:30:12] "HEAD /assets/images/9.jpg HTTP/1.1" 404 -
::1 - - [28/Aug/2026 21:30:12] code 404, message File not found
::1 - - [28/Aug/2026 21:30:12] "HEAD /assets/images/9.jpeg HTTP/1.1" 404 -
::1 - - [28/Aug/2026 21:30:12] code 404, message File not found
::1 - - [28/Aug/2026 21:30:12] "HEAD /assets/images/9.png HTTP/1.1" 404 -
::1 - - [28/Aug/2026 21:30:12] code 404, message File not found
::1 - - [28/Aug/2026 21:30:12] "HEAD /assets/images/10.jpg HTTP/1.1" 404 -
::1 - - [28/Aug/2026 21:30:12] code 404, message File not found
::1 - - [28/Aug/2026 21:30:12] "HEAD /assets/images/10.jpeg HTTP/1.1" 404 -
::1 - - [28/Aug/2026 21:30:12] code 404, message File not found
::1 - - [28/Aug/2026 21:30:12] "HEAD /assets/images/10.png HTTP/1.1" 404 -
::1 - - [28/Aug/2026 21:30:13] code 404, message File not found
::1 - - [28/Aug/2026 21:30:13] "GET /favicon.ico HTTP/1.1" 404 -
::1 - - [28/Aug/2026 21:30:26] code 404, message File not found
::1 - - [28/Aug/2026 21:30:26] "GET /.well-known/appspecific/com.chrome.devtools.json HTTP/1.1" 404 -
::1 - - [28/Aug/2026 21:30:30] "GET / HTTP/1.1" 200 -
::1 - - [28/Aug/2026 21:30:30] code 404, message File not found
::1 - - [28/Aug/2026 21:30:30] "GET /.well-known/appspecific/com.chrome.devtools.json HTTP/1.1" 404 -
::1 - - [28/Aug/2026 21:30:30] "GET /assets/images/IMG_20260828_194851.jpg HTTP/1.1" 200 -
::1 - - [28/Aug/2026 21:30:30] "GET /assets/images/IMG_20250419_142801.jpg HTTP/1.1" 200 -
::1 - - [28/Aug/2026 21:30:30] "GET /assets/images/IMG_20260828_195612.jpg HTTP/1.1" 200 -
::1 - - [28/Aug/2026 21:30:30] "GET /style.css HTTP/1.1" 200 -
::1 - - [28/Aug/2026 21:30:30] "GET /assets/images/IMG_20260828_195413.jpg HTTP/1.1" 200 -
::1 - - [28/Aug/2026 21:30:30] "GET /assets/images/IMG_20260828_194813.jpg HTTP/1.1" 200 -
::1 - - [28/Aug/2026 21:30:30] "GET /script.js HTTP/1.1" 200 -
::1 - - [28/Aug/2026 21:30:32] code 404, message File not found
::1 - - [28/Aug/2026 21:30:32] "GET /favicon.ico HTTP/1.1" 404 -
::1 - - [28/Aug/2026 21:32:51] "GET / HTTP/1.1" 304 -
::1 - - [28/Aug/2026 21:32:51] "GET /style.css HTTP/1.1" 304 -
::1 - - [28/Aug/2026 21:32:51] "GET /assets/images/IMG_20260828_194851.jpg HTTP/1.1" 304 -
::1 - - [28/Aug/2026 21:32:51] "GET /assets/images/IMG_20260828_194813.jpg HTTP/1.1" 304 -
::1 - - [28/Aug/2026 21:32:51] "GET /assets/images/IMG_20250419_142801.jpg HTTP/1.1" 304 -
::1 - - [28/Aug/2026 21:32:51] "GET /assets/images/IMG_20260828_195413.jpg HTTP/1.1" 304 -
::1 - - [28/Aug/2026 21:32:51] "GET /assets/images/IMG_20260828_195612.jpg HTTP/1.1" 304 -
::1 - - [28/Aug/2026 21:32:51] "GET /script.js HTTP/1.1" 304 -
::1 - - [28/Aug/2026 21:32:53] code 404, message File not found
::1 - - [28/Aug/2026 21:32:53] "GET /favicon.ico HTTP/1.1" 404 -
::1 - - [28/Aug/2026 21:33:39] "GET / HTTP/1.1" 200 -
::1 - - [28/Aug/2026 21:33:39] "GET /style.css HTTP/1.1" 304 -
::1 - - [28/Aug/2026 21:33:39] "GET /script.js HTTP/1.1" 304 -
::1 - - [28/Aug/2026 21:33:42] code 404, message File not found
::1 - - [28/Aug/2026 21:33:42] "GET /favicon.ico HTTP/1.1" 404 -
::1 - - [28/Aug/2026 21:33:51] "GET / HTTP/1.1" 304 -
::1 - - [28/Aug/2026 21:33:51] "GET /assets/images/IMG_20260828_194851.jpg HTTP/1.1" 304 -
::1 - - [28/Aug/2026 21:33:51] "GET /assets/images/IMG_20250419_142801.jpg HTTP/1.1" 304 -
::1 - - [28/Aug/2026 21:33:51] "GET /assets/images/IMG_20260828_194813.jpg HTTP/1.1" 304 -
::1 - - [28/Aug/2026 21:33:51] "GET /assets/images/IMG_20260828_195413.jpg HTTP/1.1" 304 -
::1 - - [28/Aug/2026 21:33:51] "GET /assets/images/IMG_20260828_195612.jpg HTTP/1.1" 304 -
::1 - - [28/Aug/2026 21:34:43] "GET / HTTP/1.1" 304 -
::1 - - [28/Aug/2026 21:34:43] "GET /style.css HTTP/1.1" 200 -
::1 - - [28/Aug/2026 21:34:43] "GET /script.js HTTP/1.1" 200 -
::1 - - [28/Aug/2026 21:34:47] code 404, message File not found
::1 - - [28/Aug/2026 21:34:47] "GET /favicon.ico HTTP/1.1" 404 -
::1 - - [28/Aug/2026 21:38:56] "GET / HTTP/1.1" 200 -
::1 - - [28/Aug/2026 21:38:56] "GET /style.css HTTP/1.1" 200 -
::1 - - [28/Aug/2026 21:38:56] "GET /assets/images/IMG_20260828_194851.jpg HTTP/1.1" 304 -
::1 - - [28/Aug/2026 21:38:56] "GET /assets/images/IMG_20250419_142801.jpg HTTP/1.1" 304 -
::1 - - [28/Aug/2026 21:38:56] "GET /assets/images/IMG_20260828_194813.jpg HTTP/1.1" 304 -
::1 - - [28/Aug/2026 21:38:56] "GET /assets/images/IMG_20260828_195413.jpg HTTP/1.1" 304 -
::1 - - [28/Aug/2026 21:38:56] "GET /script.js HTTP/1.1" 200 -
::1 - - [28/Aug/2026 21:38:56] "GET /assets/images/IMG_20260828_195612.jpg HTTP/1.1" 304 -
::1 - - [28/Aug/2026 21:38:58] "GET / HTTP/1.1" 304 -
::1 - - [28/Aug/2026 21:39:08] "GET / HTTP/1.1" 304 -
::1 - - [28/Aug/2026 21:39:08] "GET /style.css HTTP/1.1" 304 -
::1 - - [28/Aug/2026 21:39:08] "GET /script.js HTTP/1.1" 304 -
::1 - - [28/Aug/2026 21:39:08] "GET / HTTP/1.1" 304 -
::1 - - [28/Aug/2026 21:39:13] code 404, message File not found
::1 - - [28/Aug/2026 21:39:13] "GET /favicon.ico HTTP/1.1" 404 -
::1 - - [28/Aug/2026 21:39:31] "GET /style.css HTTP/1.1" 304 -
::1 - - [28/Aug/2026 21:39:31] code 404, message File not found
::1 - - [28/Aug/2026 21:39:31] "GET /.well-known/appspecific/com.chrome.devtools.json HTTP/1.1" 404 -
::1 - - [28/Aug/2026 21:39:33] "GET / HTTP/1.1" 200 -
::1 - - [28/Aug/2026 21:39:33] "GET /style.css HTTP/1.1" 200 -
::1 - - [28/Aug/2026 21:39:33] "GET /assets/images/IMG_20260828_194851.jpg HTTP/1.1" 200 -
::1 - - [28/Aug/2026 21:39:33] "GET /assets/images/IMG_20250419_142801.jpg HTTP/1.1" 200 -
::1 - - [28/Aug/2026 21:39:33] code 404, message File not found
::1 - - [28/Aug/2026 21:39:33] "GET /.well-known/appspecific/com.chrome.devtools.json HTTP/1.1" 404 -
::1 - - [28/Aug/2026 21:39:33] "GET /assets/images/IMG_20260828_195413.jpg HTTP/1.1" 200 -
::1 - - [28/Aug/2026 21:39:33] "GET /assets/images/IMG_20260828_194813.jpg HTTP/1.1" 200 -
::1 - - [28/Aug/2026 21:39:33] "GET /script.js HTTP/1.1" 200 -
::1 - - [28/Aug/2026 21:39:33] "GET /assets/images/IMG_20260828_195612.jpg HTTP/1.1" 200 -
::1 - - [28/Aug/2026 21:39:35] code 404, message File not found
::1 - - [28/Aug/2026 21:39:35] "GET /favicon.ico HTTP/1.1" 404 -
::1 - - [28/Aug/2026 21:43:22] code 404, message File not found
::1 - - [28/Aug/2026 21:43:22] "GET /.well-known/appspecific/com.chrome.devtools.json HTTP/1.1" 404 -
::1 - - [28/Aug/2026 21:44:19] "GET / HTTP/1.1" 200 -
::1 - - [28/Aug/2026 21:44:19] code 404, message File not found
::1 - - [28/Aug/2026 21:44:19] "GET /.well-known/appspecific/com.chrome.devtools.json HTTP/1.1" 404 -
::1 - - [28/Aug/2026 21:44:19] "GET /assets/images/IMG_20260828_194851.jpg HTTP/1.1" 200 -
::1 - - [28/Aug/2026 21:44:19] "GET /style.css HTTP/1.1" 200 -
::1 - - [28/Aug/2026 21:44:19] "GET /assets/images/IMG_20250419_142801.jpg HTTP/1.1" 200 -
::1 - - [28/Aug/2026 21:44:19] "GET /assets/images/IMG_20260828_194813.jpg HTTP/1.1" 200 -
::1 - - [28/Aug/2026 21:44:19] "GET /assets/images/IMG_20260828_195413.jpg HTTP/1.1" 200 -
::1 - - [28/Aug/2026 21:44:19] "GET /assets/images/IMG_20260828_195612.jpg HTTP/1.1" 200 -
::1 - - [28/Aug/2026 21:44:19] "GET /script.js HTTP/1.1" 200 -
::1 - - [28/Aug/2026 21:44:24] "GET / HTTP/1.1" 200 -
::1 - - [28/Aug/2026 21:44:24] code 404, message File not found
::1 - - [28/Aug/2026 21:44:24] "GET /.well-known/appspecific/com.chrome.devtools.json HTTP/1.1" 404 -
::1 - - [28/Aug/2026 21:44:24] "GET /style.css HTTP/1.1" 200 -
::1 - - [28/Aug/2026 21:44:24] "GET /assets/images/IMG_20260828_194851.jpg HTTP/1.1" 200 -
::1 - - [28/Aug/2026 21:44:24] "GET /assets/images/IMG_20250419_142801.jpg HTTP/1.1" 200 -
::1 - - [28/Aug/2026 21:44:24] "GET /assets/images/IMG_20260828_195413.jpg HTTP/1.1" 200 -
::1 - - [28/Aug/2026 21:44:24] "GET /assets/images/IMG_20260828_194813.jpg HTTP/1.1" 200 -
::1 - - [28/Aug/2026 21:44:24] "GET /script.js HTTP/1.1" 200 -
::1 - - [28/Aug/2026 21:44:24] "GET /assets/images/IMG_20260828_195612.jpg HTTP/1.1" 200 -
::1 - - [28/Aug/2026 21:44:34] "GET / HTTP/1.1" 200 -
::1 - - [28/Aug/2026 21:44:34] "GET /assets/images/IMG_20260828_194851.jpg HTTP/1.1" 200 -
::1 - - [28/Aug/2026 21:44:34] "GET /style.css HTTP/1.1" 200 -
::1 - - [28/Aug/2026 21:44:34] "GET /assets/images/IMG_20250419_142801.jpg HTTP/1.1" 200 -
::1 - - [28/Aug/2026 21:44:34] code 404, message File not found
::1 - - [28/Aug/2026 21:44:34] "GET /.well-known/appspecific/com.chrome.devtools.json HTTP/1.1" 404 -
::1 - - [28/Aug/2026 21:44:34] "GET /assets/images/IMG_20260828_194813.jpg HTTP/1.1" 200 -
::1 - - [28/Aug/2026 21:44:34] "GET /assets/images/IMG_20260828_195413.jpg HTTP/1.1" 200 -
::1 - - [28/Aug/2026 21:44:34] "GET /assets/images/IMG_20260828_195612.jpg HTTP/1.1" 200 -
::1 - - [28/Aug/2026 21:44:34] "GET /script.js HTTP/1.1" 200 -
::1 - - [28/Aug/2026 21:44:37] "GET / HTTP/1.1" 200 -
::1 - - [28/Aug/2026 21:44:37] code 404, message File not found
::1 - - [28/Aug/2026 21:44:37] "GET /.well-known/appspecific/com.chrome.devtools.json HTTP/1.1" 404 -
::1 - - [28/Aug/2026 21:44:37] "GET /style.css HTTP/1.1" 200 -
::1 - - [28/Aug/2026 21:44:37] "GET /assets/images/IMG_20260828_194851.jpg HTTP/1.1" 200 -
::1 - - [28/Aug/2026 21:44:37] "GET /assets/images/IMG_20250419_142801.jpg HTTP/1.1" 200 -
::1 - - [28/Aug/2026 21:44:37] "GET /assets/images/IMG_20260828_195413.jpg HTTP/1.1" 200 -
::1 - - [28/Aug/2026 21:44:37] "GET /assets/images/IMG_20260828_194813.jpg HTTP/1.1" 200 -
::1 - - [28/Aug/2026 21:44:37] "GET /script.js HTTP/1.1" 200 -
::1 - - [28/Aug/2026 21:44:37] "GET /assets/images/IMG_20260828_195612.jpg HTTP/1.1" 200 -
::1 - - [28/Aug/2026 21:44:39] "GET / HTTP/1.1" 200 -
::1 - - [28/Aug/2026 21:44:39] code 404, message File not found
::1 - - [28/Aug/2026 21:44:39] "GET /.well-known/appspecific/com.chrome.devtools.json HTTP/1.1" 404 -
::1 - - [28/Aug/2026 21:44:39] "GET /assets/images/IMG_20250419_142801.jpg HTTP/1.1" 200 -
::1 - - [28/Aug/2026 21:44:39] "GET /style.css HTTP/1.1" 200 -
::1 - - [28/Aug/2026 21:44:39] "GET /assets/images/IMG_20260828_194851.jpg HTTP/1.1" 200 -
::1 - - [28/Aug/2026 21:44:39] "GET /assets/images/IMG_20260828_194813.jpg HTTP/1.1" 200 -
::1 - - [28/Aug/2026 21:44:39] "GET /assets/images/IMG_20260828_195413.jpg HTTP/1.1" 200 -
::1 - - [28/Aug/2026 21:44:39] "GET /assets/images/IMG_20260828_195612.jpg HTTP/1.1" 200 -
::1 - - [28/Aug/2026 21:44:39] "GET /script.js HTTP/1.1" 200 -
::1 - - [28/Aug/2026 21:44:52] "GET /style.css HTTP/1.1" 304 -
::1 - - [28/Aug/2026 21:45:35] "GET / HTTP/1.1" 304 -
::1 - - [28/Aug/2026 21:45:35] "GET /style.css HTTP/1.1" 304 -
::1 - - [28/Aug/2026 21:45:35] "GET /script.js HTTP/1.1" 304 -
::1 - - [28/Aug/2026 21:46:11] "GET / HTTP/1.1" 304 -
::1 - - [28/Aug/2026 21:46:11] "GET /style.css HTTP/1.1" 304 -
::1 - - [28/Aug/2026 21:47:33] "GET / HTTP/1.1" 304 -
::1 - - [28/Aug/2026 21:47:33] "GET /style.css HTTP/1.1" 200 -
::1 - - [28/Aug/2026 21:47:33] "GET /assets/images/IMG_20260828_194851.jpg HTTP/1.1" 304 -
::1 - - [28/Aug/2026 21:47:33] "GET /assets/images/IMG_20250419_142801.jpg HTTP/1.1" 304 -
::1 - - [28/Aug/2026 21:47:33] "GET /assets/images/IMG_20260828_194813.jpg HTTP/1.1" 304 -
::1 - - [28/Aug/2026 21:47:33] "GET /assets/images/IMG_20260828_195413.jpg HTTP/1.1" 304 -
::1 - - [28/Aug/2026 21:47:33] "GET /assets/images/IMG_20260828_195612.jpg HTTP/1.1" 304 -
::1 - - [28/Aug/2026 21:47:33] "GET /script.js HTTP/1.1" 304 -
::1 - - [28/Aug/2026 21:48:45] "GET / HTTP/1.1" 304 -
::1 - - [28/Aug/2026 21:48:45] "GET /style.css HTTP/1.1" 200 -
::1 - - [28/Aug/2026 21:48:45] "GET /script.js HTTP/1.1" 304 -
::1 - - [28/Aug/2026 21:48:48] "GET / HTTP/1.1" 304 -
::1 - - [28/Aug/2026 21:48:49] "GET / HTTP/1.1" 304 -
::1 - - [28/Aug/2026 21:48:49] "GET / HTTP/1.1" 304 -
::1 - - [28/Aug/2026 21:48:49] "GET / HTTP/1.1" 304 -
::1 - - [28/Aug/2026 21:48:49] "GET /style.css HTTP/1.1" 304 -
::1 - - [28/Aug/2026 21:48:53] code 404, message File not found
::1 - - [28/Aug/2026 21:48:53] "GET /favicon.ico HTTP/1.1" 404 -
::1 - - [28/Aug/2026 21:49:21] "GET /style.css HTTP/1.1" 304 -
::1 - - [28/Aug/2026 21:49:21] code 404, message File not found
::1 - - [28/Aug/2026 21:49:21] "GET /.well-known/appspecific/com.chrome.devtools.json HTTP/1.1" 404 -
::1 - - [28/Aug/2026 21:49:24] "GET / HTTP/1.1" 200 -
::1 - - [28/Aug/2026 21:49:24] code 404, message File not found
::1 - - [28/Aug/2026 21:49:24] "GET /.well-known/appspecific/com.chrome.devtools.json HTTP/1.1" 404 -
::1 - - [28/Aug/2026 21:49:24] "GET /style.css HTTP/1.1" 200 -
::1 - - [28/Aug/2026 21:49:24] "GET /assets/images/IMG_20260828_194851.jpg HTTP/1.1" 200 -
::1 - - [28/Aug/2026 21:49:24] "GET /assets/images/IMG_20250419_142801.jpg HTTP/1.1" 200 -
::1 - - [28/Aug/2026 21:49:24] "GET /assets/images/IMG_20260828_194813.jpg HTTP/1.1" 200 -
::1 - - [28/Aug/2026 21:49:24] "GET /assets/images/IMG_20260828_195413.jpg HTTP/1.1" 200 -
::1 - - [28/Aug/2026 21:49:24] "GET /script.js HTTP/1.1" 200 -
::1 - - [28/Aug/2026 21:49:24] "GET /assets/images/IMG_20260828_195612.jpg HTTP/1.1" 200 -
::1 - - [28/Aug/2026 21:49:25] code 404, message File not found
::1 - - [28/Aug/2026 21:49:25] "GET /favicon.ico HTTP/1.1" 404 -
::1 - - [28/Aug/2026 21:53:19] "GET / HTTP/1.1" 200 -
::1 - - [28/Aug/2026 21:53:19] "GET /style.css HTTP/1.1" 200 -
::1 - - [28/Aug/2026 21:53:19] "GET /assets/images/IMG_20260828_194851.jpg HTTP/1.1" 200 -
::1 - - [28/Aug/2026 21:53:19] "GET /assets/images/IMG_20250419_142801.jpg HTTP/1.1" 200 -
::1 - - [28/Aug/2026 21:53:19] "GET /assets/images/IMG_20260828_194813.jpg HTTP/1.1" 200 -
::1 - - [28/Aug/2026 21:53:19] code 404, message File not found
::1 - - [28/Aug/2026 21:53:19] "GET /.well-known/appspecific/com.chrome.devtools.json HTTP/1.1" 404 -
::1 - - [28/Aug/2026 21:53:19] "GET /assets/images/IMG_20260828_195413.jpg HTTP/1.1" 200 -
::1 - - [28/Aug/2026 21:53:19] "GET /script.js HTTP/1.1" 200 -
::1 - - [28/Aug/2026 21:53:20] "GET /assets/images/IMG_20260828_195612.jpg HTTP/1.1" 200 -
::1 - - [28/Aug/2026 21:53:21] code 404, message File not found
::1 - - [28/Aug/2026 21:53:21] "GET /favicon.ico HTTP/1.1" 404 -
::1 - - [28/Aug/2026 21:53:28] "GET / HTTP/1.1" 200 -
::1 - - [28/Aug/2026 21:53:28] code 404, message File not found
::1 - - [28/Aug/2026 21:53:28] "GET /.well-known/appspecific/com.chrome.devtools.json HTTP/1.1" 404 -
::1 - - [28/Aug/2026 21:53:28] "GET /style.css HTTP/1.1" 200 -
::1 - - [28/Aug/2026 21:53:28] "GET /assets/images/IMG_20260828_194851.jpg HTTP/1.1" 200 -
::1 - - [28/Aug/2026 21:53:28] "GET /assets/images/IMG_20250419_142801.jpg HTTP/1.1" 200 -
::1 - - [28/Aug/2026 21:53:28] "GET /assets/images/IMG_20260828_194813.jpg HTTP/1.1" 200 -
::1 - - [28/Aug/2026 21:53:28] "GET /assets/images/IMG_20260828_195413.jpg HTTP/1.1" 200 -
::1 - - [28/Aug/2026 21:53:28] "GET /script.js HTTP/1.1" 200 -
::1 - - [28/Aug/2026 21:53:28] "GET /assets/images/IMG_20260828_195612.jpg HTTP/1.1" 200 -
::1 - - [28/Aug/2026 21:53:30] code 404, message File not found
::1 - - [28/Aug/2026 21:53:30] "GET /favicon.ico HTTP/1.1" 404 -
::1 - - [28/Aug/2026 21:54:08] "GET / HTTP/1.1" 200 -
::1 - - [28/Aug/2026 21:54:08] code 404, message File not found
::1 - - [28/Aug/2026 21:54:08] "GET /.well-known/appspecific/com.chrome.devtools.json HTTP/1.1" 404 -
::1 - - [28/Aug/2026 21:54:08] "GET /style.css HTTP/1.1" 200 -
::1 - - [28/Aug/2026 21:54:08] "GET /assets/images/IMG_20260828_194851.jpg HTTP/1.1" 200 -
::1 - - [28/Aug/2026 21:54:08] "GET /assets/images/IMG_20250419_142801.jpg HTTP/1.1" 200 -
::1 - - [28/Aug/2026 21:54:08] "GET /assets/images/IMG_20260828_214012.jpg HTTP/1.1" 200 -
::1 - - [28/Aug/2026 21:54:08] "GET /assets/images/IMG_20260828_194813.jpg HTTP/1.1" 200 -
::1 - - [28/Aug/2026 21:54:08] "GET /assets/images/IMG_20260828_195413.jpg HTTP/1.1" 200 -
::1 - - [28/Aug/2026 21:54:08] "GET /script.js HTTP/1.1" 200 -
::1 - - [28/Aug/2026 21:54:08] "GET /assets/images/IMG_20260828_195612.jpg HTTP/1.1" 200 -
::1 - - [28/Aug/2026 21:55:01] "GET / HTTP/1.1" 200 -
::1 - - [28/Aug/2026 21:55:02] "GET /style.css HTTP/1.1" 200 -
::1 - - [28/Aug/2026 21:55:02] "GET /assets/images/IMG_20250419_142801.jpg HTTP/1.1" 200 -
::1 - - [28/Aug/2026 21:55:02] "GET /assets/images/IMG_20260828_194851.jpg HTTP/1.1" 200 -
::1 - - [28/Aug/2026 21:55:02] code 404, message File not found
::1 - - [28/Aug/2026 21:55:02] "GET /.well-known/appspecific/com.chrome.devtools.json HTTP/1.1" 404 -
::1 - - [28/Aug/2026 21:55:02] "GET /assets/images/IMG_20260828_214012.jpg HTTP/1.1" 200 -
::1 - - [28/Aug/2026 21:55:02] "GET /assets/images/IMG_20260828_194813.jpg HTTP/1.1" 200 -
::1 - - [28/Aug/2026 21:55:02] "GET /assets/images/IMG_20260828_195413.jpg HTTP/1.1" 200 -
::1 - - [28/Aug/2026 21:55:02] "GET /script.js HTTP/1.1" 200 -
::1 - - [28/Aug/2026 21:55:02] "GET /assets/images/IMG_20260828_195612.jpg HTTP/1.1" 200 -
::1 - - [28/Aug/2026 21:55:04] code 404, message File not found
::1 - - [28/Aug/2026 21:55:04] "GET /favicon.ico HTTP/1.1" 404 -
::1 - - [28/Aug/2026 21:56:44] "GET / HTTP/1.1" 200 -
::1 - - [28/Aug/2026 21:56:44] "GET /assets/images/IMG_20260828_194851.jpg HTTP/1.1" 200 -
::1 - - [28/Aug/2026 21:56:44] "GET /style.css HTTP/1.1" 200 -
::1 - - [28/Aug/2026 21:56:44] "GET /assets/images/IMG_20250419_142801.jpg HTTP/1.1" 200 -
::1 - - [28/Aug/2026 21:56:44] code 404, message File not found
::1 - - [28/Aug/2026 21:56:44] "GET /.well-known/appspecific/com.chrome.devtools.json HTTP/1.1" 404 -
::1 - - [28/Aug/2026 21:56:44] "GET /assets/images/IMG_20260828_214012.jpg HTTP/1.1" 200 -
::1 - - [28/Aug/2026 21:56:44] "GET /assets/images/IMG_20260828_195413.jpg HTTP/1.1" 200 -
::1 - - [28/Aug/2026 21:56:44] "GET /assets/images/IMG_20260828_194813.jpg HTTP/1.1" 200 -
::1 - - [28/Aug/2026 21:56:44] "GET /script.js HTTP/1.1" 200 -
::1 - - [28/Aug/2026 21:56:44] "GET /assets/images/IMG_20260828_195612.jpg HTTP/1.1" 200 -
::1 - - [28/Aug/2026 21:57:13] "GET / HTTP/1.1" 200 -
::1 - - [28/Aug/2026 21:57:13] "GET /style.css HTTP/1.1" 200 -
::1 - - [28/Aug/2026 21:57:13] "GET /assets/images/IMG_20260828_194851.jpg HTTP/1.1" 200 -
::1 - - [28/Aug/2026 21:57:13] "GET /assets/images/IMG_20250419_142801.jpg HTTP/1.1" 200 -
::1 - - [28/Aug/2026 21:57:13] code 404, message File not found
::1 - - [28/Aug/2026 21:57:13] "GET /.well-known/appspecific/com.chrome.devtools.json HTTP/1.1" 404 -
::1 - - [28/Aug/2026 21:57:13] "GET /assets/images/IMG_20260828_214012.jpg HTTP/1.1" 200 -
::1 - - [28/Aug/2026 21:57:13] "GET /assets/images/IMG_20260828_194813.jpg HTTP/1.1" 200 -
::1 - - [28/Aug/2026 21:57:13] "GET /assets/images/IMG_20260828_195413.jpg HTTP/1.1" 200 -
::1 - - [28/Aug/2026 21:57:13] "GET /script.js HTTP/1.1" 200 -
::1 - - [28/Aug/2026 21:57:13] "GET /assets/images/IMG_20260828_195612.jpg HTTP/1.1" 200 -
::1 - - [28/Aug/2026 21:57:17] code 404, message File not found
::1 - - [28/Aug/2026 21:57:17] "GET /favicon.ico HTTP/1.1" 404 -
::1 - - [28/Aug/2026 22:04:00] "GET / HTTP/1.1" 200 -
::1 - - [28/Aug/2026 22:04:00] "GET /style.css HTTP/1.1" 200 -
::1 - - [28/Aug/2026 22:04:00] "GET /assets/images/IMG_20250419_142801.jpg HTTP/1.1" 200 -
::1 - - [28/Aug/2026 22:04:00] "GET /assets/images/IMG_20260828_194851.jpg HTTP/1.1" 200 -
::1 - - [28/Aug/2026 22:04:00] code 404, message File not found
::1 - - [28/Aug/2026 22:04:00] "GET /.well-known/appspecific/com.chrome.devtools.json HTTP/1.1" 404 -
::1 - - [28/Aug/2026 22:04:00] "GET /assets/images/IMG_20260828_214012.jpg HTTP/1.1" 200 -
::1 - - [28/Aug/2026 22:04:00] "GET /assets/images/IMG_20260828_194813.jpg HTTP/1.1" 200 -
::1 - - [28/Aug/2026 22:04:00] "GET /assets/images/IMG_20260828_195413.jpg HTTP/1.1" 200 -
::1 - - [28/Aug/2026 22:04:00] "GET /script.js HTTP/1.1" 200 -
::1 - - [28/Aug/2026 22:04:00] "GET /assets/images/IMG_20260828_195612.jpg HTTP/1.1" 200 -
::1 - - [28/Aug/2026 22:04:03] code 404, message File not found
::1 - - [28/Aug/2026 22:04:03] "GET /favicon.ico HTTP/1.1" 404 -
::1 - - [28/Aug/2026 22:09:18] "GET / HTTP/1.1" 200 -
::1 - - [28/Aug/2026 22:09:18] code 404, message File not found
::1 - - [28/Aug/2026 22:09:18] "GET /.well-known/appspecific/com.chrome.devtools.json HTTP/1.1" 404 -
::1 - - [28/Aug/2026 22:09:18] "GET /style.css HTTP/1.1" 200 -
::1 - - [28/Aug/2026 22:09:18] "GET /assets/images/IMG_20260828_194851.jpg HTTP/1.1" 200 -
::1 - - [28/Aug/2026 22:09:18] "GET /assets/images/IMG_20250419_142801.jpg HTTP/1.1" 200 -
::1 - - [28/Aug/2026 22:09:18] "GET /assets/images/IMG_20260828_214012.jpg HTTP/1.1" 200 -
::1 - - [28/Aug/2026 22:09:18] "GET /assets/images/IMG_20260828_195413.jpg HTTP/1.1" 200 -
::1 - - [28/Aug/2026 22:09:18] "GET /assets/images/IMG_20260828_194813.jpg HTTP/1.1" 200 -
::1 - - [28/Aug/2026 22:09:18] "GET /script.js HTTP/1.1" 200 -
::1 - - [28/Aug/2026 22:09:18] "GET /assets/images/IMG_20260828_195612.jpg HTTP/1.1" 200 -
::1 - - [28/Aug/2026 22:09:47] "GET / HTTP/1.1" 200 -
::1 - - [28/Aug/2026 22:09:47] "GET /assets/images/IMG_20260828_194851.jpg HTTP/1.1" 200 -
::1 - - [28/Aug/2026 22:09:47] "GET /style.css HTTP/1.1" 200 -
::1 - - [28/Aug/2026 22:09:47] "GET /assets/images/IMG_20250419_142801.jpg HTTP/1.1" 200 -
::1 - - [28/Aug/2026 22:09:47] "GET /assets/images/IMG_20260828_214012.jpg HTTP/1.1" 200 -
::1 - - [28/Aug/2026 22:09:47] "GET /assets/images/IMG_20260828_194813.jpg HTTP/1.1" 200 -
::1 - - [28/Aug/2026 22:09:47] code 404, message File not found
::1 - - [28/Aug/2026 22:09:47] "GET /.well-known/appspecific/com.chrome.devtools.json HTTP/1.1" 404 -
::1 - - [28/Aug/2026 22:09:47] "GET /assets/images/IMG_20260828_195413.jpg HTTP/1.1" 200 -
::1 - - [28/Aug/2026 22:09:47] "GET /script.js HTTP/1.1" 200 -
::1 - - [28/Aug/2026 22:09:47] "GET /assets/images/IMG_20260828_195612.jpg HTTP/1.1" 200 -
::1 - - [28/Aug/2026 22:10:00] code 404, message File not found
::1 - - [28/Aug/2026 22:10:00] "GET /favicon.ico HTTP/1.1" 404 -
::1 - - [28/Aug/2026 22:10:45] "GET / HTTP/1.1" 200 -
::1 - - [28/Aug/2026 22:10:45] "GET /style.css HTTP/1.1" 200 -
::1 - - [28/Aug/2026 22:10:45] "GET /assets/images/IMG-20250916-WA0003.jpg HTTP/1.1" 200 -
::1 - - [28/Aug/2026 22:10:45] "GET /assets/images/IMG_20250419_142801.jpg HTTP/1.1" 200 -
::1 - - [28/Aug/2026 22:10:45] "GET /assets/images/IMG_20260828_214012.jpg HTTP/1.1" 200 -
::1 - - [28/Aug/2026 22:10:45] code 404, message File not found
::1 - - [28/Aug/2026 22:10:45] "GET /.well-known/appspecific/com.chrome.devtools.json HTTP/1.1" 404 -
::1 - - [28/Aug/2026 22:10:45] "GET /assets/images/IMG_20260828_194851.jpg HTTP/1.1" 200 -
::1 - - [28/Aug/2026 22:10:45] "GET /assets/images/IMG_20260828_194813.jpg HTTP/1.1" 200 -
::1 - - [28/Aug/2026 22:10:45] "GET /script.js HTTP/1.1" 200 -
::1 - - [28/Aug/2026 22:10:45] "GET /assets/images/IMG_20260828_195612.jpg HTTP/1.1" 200 -
::1 - - [28/Aug/2026 22:10:48] code 404, message File not found
::1 - - [28/Aug/2026 22:10:48] "GET /favicon.ico HTTP/1.1" 404 -
::1 - - [28/Aug/2026 22:11:34] "GET / HTTP/1.1" 200 -
::1 - - [28/Aug/2026 22:11:34] code 404, message File not found
::1 - - [28/Aug/2026 22:11:34] "GET /.well-known/appspecific/com.chrome.devtools.json HTTP/1.1" 404 -
::1 - - [28/Aug/2026 22:11:34] "GET /style.css HTTP/1.1" 200 -
::1 - - [28/Aug/2026 22:11:34] "GET /assets/images/IMG-20250916-WA0003.jpg HTTP/1.1" 200 -
::1 - - [28/Aug/2026 22:11:34] "GET /assets/images/IMG_20250419_142801.jpg HTTP/1.1" 200 -
::1 - - [28/Aug/2026 22:11:34] "GET /assets/images/IMG_20260828_214012.jpg HTTP/1.1" 200 -
::1 - - [28/Aug/2026 22:11:34] "GET /assets/images/IMG_20260828_194851.jpg HTTP/1.1" 200 -
::1 - - [28/Aug/2026 22:11:34] "GET /assets/images/IMG_20260828_194813.jpg HTTP/1.1" 200 -
::1 - - [28/Aug/2026 22:11:34] "GET /script.js HTTP/1.1" 200 -
::1 - - [28/Aug/2026 22:11:34] "GET /assets/images/IMG_20260828_195612.jpg HTTP/1.1" 200 -
::1 - - [28/Aug/2026 22:11:36] code 404, message File not found
::1 - - [28/Aug/2026 22:11:36] "GET /favicon.ico HTTP/1.1" 404 -
::1 - - [28/Aug/2026 22:12:00] "GET / HTTP/1.1" 200 -
::1 - - [28/Aug/2026 22:12:00] "GET /assets/images/IMG-20250916-WA0003.jpg HTTP/1.1" 200 -
::1 - - [28/Aug/2026 22:12:00] "GET /style.css HTTP/1.1" 200 -
::1 - - [28/Aug/2026 22:12:00] "GET /assets/images/IMG_20250419_142801.jpg HTTP/1.1" 200 -
::1 - - [28/Aug/2026 22:12:00] code 404, message File not found
::1 - - [28/Aug/2026 22:12:00] "GET /.well-known/appspecific/com.chrome.devtools.json HTTP/1.1" 404 -
::1 - - [28/Aug/2026 22:12:00] "GET /assets/images/IMG_20260828_214012.jpg HTTP/1.1" 200 -
::1 - - [28/Aug/2026 22:12:00] "GET /assets/images/IMG_20260828_194813.jpg HTTP/1.1" 200 -
::1 - - [28/Aug/2026 22:12:00] "GET /assets/images/IMG_20260828_194851.jpg HTTP/1.1" 200 -
::1 - - [28/Aug/2026 22:12:00] "GET /script.js HTTP/1.1" 200 -
::1 - - [28/Aug/2026 22:12:00] "GET /assets/images/IMG_20260828_195612.jpg HTTP/1.1" 200 -
::1 - - [28/Aug/2026 22:12:37] "GET / HTTP/1.1" 200 -
::1 - - [28/Aug/2026 22:12:37] code 404, message File not found
::1 - - [28/Aug/2026 22:12:37] "GET /.well-known/appspecific/com.chrome.devtools.json HTTP/1.1" 404 -
::1 - - [28/Aug/2026 22:12:37] "GET /style.css HTTP/1.1" 200 -
::1 - - [28/Aug/2026 22:12:37] "GET /assets/images/IMG-20250916-WA0003.jpg HTTP/1.1" 200 -
::1 - - [28/Aug/2026 22:12:37] "GET /assets/images/IMG_20250419_142801.jpg HTTP/1.1" 200 -
::1 - - [28/Aug/2026 22:12:37] "GET /assets/images/IMG_20260828_214012.jpg HTTP/1.1" 200 -
::1 - - [28/Aug/2026 22:12:37] "GET /assets/images/IMG_20260828_194813.jpg HTTP/1.1" 200 -
::1 - - [28/Aug/2026 22:12:37] "GET /assets/images/IMG_20260828_194851.jpg HTTP/1.1" 200 -
::1 - - [28/Aug/2026 22:12:37] "GET /script.js HTTP/1.1" 200 -
::1 - - [28/Aug/2026 22:12:37] "GET /assets/images/IMG_20260828_195612.jpg HTTP/1.1" 200 -
::1 - - [28/Aug/2026 22:15:11] "GET / HTTP/1.1" 304 -
::1 - - [28/Aug/2026 22:15:11] "GET /style.css HTTP/1.1" 304 -
::1 - - [28/Aug/2026 22:15:11] "GET /assets/images/IMG-20250916-WA0003.jpg HTTP/1.1" 304 -
::1 - - [28/Aug/2026 22:15:40] "GET / HTTP/1.1" 200 -
::1 - - [28/Aug/2026 22:15:40] code 404, message File not found
::1 - - [28/Aug/2026 22:15:40] "GET /.well-known/appspecific/com.chrome.devtools.json HTTP/1.1" 404 -
::1 - - [28/Aug/2026 22:15:40] "GET /style.css HTTP/1.1" 200 -
::1 - - [28/Aug/2026 22:15:40] "GET /assets/images/IMG-20250916-WA0003.jpg HTTP/1.1" 200 -
::1 - - [28/Aug/2026 22:15:40] "GET /assets/images/IMG_20250419_142801.jpg HTTP/1.1" 200 -
::1 - - [28/Aug/2026 22:15:40] "GET /assets/images/IMG_20260828_214012.jpg HTTP/1.1" 200 -
::1 - - [28/Aug/2026 22:15:40] "GET /assets/images/IMG_20260828_194851.jpg HTTP/1.1" 200 -
::1 - - [28/Aug/2026 22:15:40] "GET /assets/images/IMG_20260828_194813.jpg HTTP/1.1" 200 -
::1 - - [28/Aug/2026 22:15:40] "GET /script.js HTTP/1.1" 200 -
::1 - - [28/Aug/2026 22:15:40] "GET /assets/images/IMG_20260828_195612.jpg HTTP/1.1" 200 -
::1 - - [28/Aug/2026 22:16:23] "GET / HTTP/1.1" 200 -
::1 - - [28/Aug/2026 22:16:23] code 404, message File not found
::1 - - [28/Aug/2026 22:16:23] "GET /.well-known/appspecific/com.chrome.devtools.json HTTP/1.1" 404 -
::1 - - [28/Aug/2026 22:16:23] "GET /assets/images/IMG-20250916-WA0003.jpg HTTP/1.1" 200 -
::1 - - [28/Aug/2026 22:16:23] "GET /style.css HTTP/1.1" 200 -
::1 - - [28/Aug/2026 22:16:23] "GET /assets/images/IMG_20250419_142801.jpg HTTP/1.1" 200 -
::1 - - [28/Aug/2026 22:16:24] "GET /assets/images/IMG_20260828_214012.jpg HTTP/1.1" 200 -
::1 - - [28/Aug/2026 22:16:24] "GET /assets/images/IMG_20260828_194813.jpg HTTP/1.1" 200 -
::1 - - [28/Aug/2026 22:16:24] "GET /assets/images/IMG_20260828_194851.jpg HTTP/1.1" 200 -
::1 - - [28/Aug/2026 22:16:24] "GET /script.js HTTP/1.1" 200 -
::1 - - [28/Aug/2026 22:16:24] "GET /assets/images/IMG_20260828_195612.jpg HTTP/1.1" 200 -
::1 - - [28/Aug/2026 22:19:10] "GET / HTTP/1.1" 200 -
::1 - - [28/Aug/2026 22:19:10] "GET /assets/images/IMG-20250916-WA0003.jpg HTTP/1.1" 200 -
::1 - - [28/Aug/2026 22:19:10] "GET /style.css HTTP/1.1" 200 -
::1 - - [28/Aug/2026 22:19:10] "GET /assets/images/IMG_20250419_142801.jpg HTTP/1.1" 200 -
::1 - - [28/Aug/2026 22:19:10] code 404, message File not found
::1 - - [28/Aug/2026 22:19:10] "GET /.well-known/appspecific/com.chrome.devtools.json HTTP/1.1" 404 -
::1 - - [28/Aug/2026 22:19:10] "GET /assets/images/IMG_20260828_214012.jpg HTTP/1.1" 200 -
::1 - - [28/Aug/2026 22:19:10] "GET /assets/images/IMG_20260828_194813.jpg HTTP/1.1" 200 -
::1 - - [28/Aug/2026 22:19:10] "GET /assets/images/IMG_20260828_194851.jpg HTTP/1.1" 200 -
::1 - - [28/Aug/2026 22:19:10] "GET /script.js HTTP/1.1" 200 -
::1 - - [28/Aug/2026 22:19:10] "GET /assets/images/IMG_20260828_195612.jpg HTTP/1.1" 200 -
::1 - - [28/Aug/2026 22:19:39] "GET / HTTP/1.1" 304 -
::1 - - [28/Aug/2026 22:19:39] "GET /style.css HTTP/1.1" 304 -
::1 - - [28/Aug/2026 22:19:57] "GET /style.css HTTP/1.1" 304 -
::1 - - [28/Aug/2026 22:19:57] code 404, message File not found
::1 - - [28/Aug/2026 22:19:57] "GET /.well-known/appspecific/com.chrome.devtools.json HTTP/1.1" 404 -
::1 - - [28/Aug/2026 22:19:59] "GET / HTTP/1.1" 200 -
::1 - - [28/Aug/2026 22:19:59] code 404, message File not found
::1 - - [28/Aug/2026 22:19:59] "GET /.well-known/appspecific/com.chrome.devtools.json HTTP/1.1" 404 -
::1 - - [28/Aug/2026 22:19:59] "GET /style.css HTTP/1.1" 200 -
::1 - - [28/Aug/2026 22:19:59] "GET /assets/images/IMG-20250916-WA0003.jpg HTTP/1.1" 200 -
::1 - - [28/Aug/2026 22:19:59] "GET /assets/images/IMG_20250419_142801.jpg HTTP/1.1" 200 -
::1 - - [28/Aug/2026 22:19:59] "GET /assets/images/IMG_20260828_214012.jpg HTTP/1.1" 200 -
::1 - - [28/Aug/2026 22:19:59] "GET /assets/images/IMG_20260828_194851.jpg HTTP/1.1" 200 -
::1 - - [28/Aug/2026 22:19:59] "GET /assets/images/IMG_20260828_194813.jpg HTTP/1.1" 200 -
::1 - - [28/Aug/2026 22:19:59] "GET /script.js HTTP/1.1" 200 -
::1 - - [28/Aug/2026 22:19:59] "GET /assets/images/IMG_20260828_195612.jpg HTTP/1.1" 200 -
::1 - - [28/Aug/2026 22:21:57] "GET / HTTP/1.1" 200 -
::1 - - [28/Aug/2026 22:21:57] code 404, message File not found
::1 - - [28/Aug/2026 22:21:57] "GET /.well-known/appspecific/com.chrome.devtools.json HTTP/1.1" 404 -
::1 - - [28/Aug/2026 22:21:57] "GET /assets/images/IMG-20250916-WA0003.jpg HTTP/1.1" 200 -
::1 - - [28/Aug/2026 22:21:57] "GET /style.css HTTP/1.1" 200 -
::1 - - [28/Aug/2026 22:21:57] "GET /assets/images/IMG_20250419_142801.jpg HTTP/1.1" 200 -
::1 - - [28/Aug/2026 22:21:57] "GET /assets/images/IMG_20260828_214012.jpg HTTP/1.1" 200 -
::1 - - [28/Aug/2026 22:21:57] "GET /assets/images/IMG_20260828_194851.jpg HTTP/1.1" 200 -
::1 - - [28/Aug/2026 22:21:57] "GET /assets/images/IMG_20260828_194813.jpg HTTP/1.1" 200 -
::1 - - [28/Aug/2026 22:21:57] "GET /script.js HTTP/1.1" 200 -
::1 - - [28/Aug/2026 22:21:57] "GET /assets/images/IMG_20260828_195612.jpg HTTP/1.1" 200 -
::1 - - [28/Aug/2026 22:23:26] "GET / HTTP/1.1" 200 -
::1 - - [28/Aug/2026 22:23:26] code 404, message File not found
::1 - - [28/Aug/2026 22:23:26] "GET /.well-known/appspecific/com.chrome.devtools.json HTTP/1.1" 404 -
::1 - - [28/Aug/2026 22:23:26] "GET /style.css HTTP/1.1" 200 -
::1 - - [28/Aug/2026 22:23:26] "GET /assets/images/IMG_20250419_142801.jpg HTTP/1.1" 200 -
::1 - - [28/Aug/2026 22:23:26] "GET /assets/images/IMG-20250916-WA0003.jpg HTTP/1.1" 200 -
::1 - - [28/Aug/2026 22:23:26] "GET /assets/images/IMG_20260828_214012.jpg HTTP/1.1" 200 -
::1 - - [28/Aug/2026 22:23:26] "GET /assets/images/IMG_20260828_194813.jpg HTTP/1.1" 200 -
::1 - - [28/Aug/2026 22:23:26] "GET /assets/images/IMG_20260828_194851.jpg HTTP/1.1" 200 -
::1 - - [28/Aug/2026 22:23:26] "GET /script.js HTTP/1.1" 200 -
::1 - - [28/Aug/2026 22:23:26] "GET /assets/images/IMG_20260828_195612.jpg HTTP/1.1" 200 -
::1 - - [28/Aug/2026 22:27:02] "GET / HTTP/1.1" 200 -
::1 - - [28/Aug/2026 22:27:02] code 404, message File not found
::1 - - [28/Aug/2026 22:27:02] "GET /.well-known/appspecific/com.chrome.devtools.json HTTP/1.1" 404 -
::1 - - [28/Aug/2026 22:27:02] "GET /style.css HTTP/1.1" 200 -
::1 - - [28/Aug/2026 22:27:02] "GET /assets/images/IMG-20250916-WA0003.jpg HTTP/1.1" 200 -
::1 - - [28/Aug/2026 22:27:02] "GET /assets/images/IMG_20250419_142801.jpg HTTP/1.1" 200 -
::1 - - [28/Aug/2026 22:27:02] "GET /assets/images/IMG_20260828_214012.jpg HTTP/1.1" 200 -
::1 - - [28/Aug/2026 22:27:02] "GET /assets/images/IMG_20260828_194813.jpg HTTP/1.1" 200 -
::1 - - [28/Aug/2026 22:27:02] "GET /assets/images/IMG_20260828_194851.jpg HTTP/1.1" 200 -
::1 - - [28/Aug/2026 22:27:02] "GET /script.js HTTP/1.1" 200 -
::1 - - [28/Aug/2026 22:27:02] "GET /assets/images/IMG_20260828_195612.jpg HTTP/1.1" 200 -
::1 - - [28/Aug/2026 22:29:07] "GET / HTTP/1.1" 200 -
::1 - - [28/Aug/2026 22:29:07] code 404, message File not found
::1 - - [28/Aug/2026 22:29:07] "GET /.well-known/appspecific/com.chrome.devtools.json HTTP/1.1" 404 -
::1 - - [28/Aug/2026 22:29:07] "GET /style.css HTTP/1.1" 200 -
::1 - - [28/Aug/2026 22:29:07] "GET /assets/images/IMG-20250916-WA0003.jpg HTTP/1.1" 200 -
::1 - - [28/Aug/2026 22:29:07] "GET /assets/images/IMG_20250419_142801.jpg HTTP/1.1" 200 -
::1 - - [28/Aug/2026 22:29:07] "GET /assets/images/IMG_20260828_214012.jpg HTTP/1.1" 200 -
::1 - - [28/Aug/2026 22:29:07] "GET /assets/images/IMG_20260828_194813.jpg HTTP/1.1" 200 -
::1 - - [28/Aug/2026 22:29:07] "GET /assets/images/IMG_20260828_221020.jpg HTTP/1.1" 200 -
::1 - - [28/Aug/2026 22:29:07] "GET /script.js HTTP/1.1" 200 -
::1 - - [28/Aug/2026 22:29:07] "GET /assets/images/IMG_20260828_194851.jpg HTTP/1.1" 200 -
::1 - - [28/Aug/2026 22:29:08] "GET /assets/images/IMG_20260828_195612.jpg HTTP/1.1" 200 -
::1 - - [28/Aug/2026 22:31:45] "GET / HTTP/1.1" 200 -
::1 - - [28/Aug/2026 22:31:45] code 404, message File not found
::1 - - [28/Aug/2026 22:31:45] "GET /.well-known/appspecific/com.chrome.devtools.json HTTP/1.1" 404 -
::1 - - [28/Aug/2026 22:31:45] "GET /style.css HTTP/1.1" 200 -
::1 - - [28/Aug/2026 22:31:45] "GET /assets/images/IMG_20250419_142801.jpg HTTP/1.1" 200 -
::1 - - [28/Aug/2026 22:31:45] "GET /assets/images/IMG-20250916-WA0003.jpg HTTP/1.1" 200 -
::1 - - [28/Aug/2026 22:31:45] "GET /assets/images/IMG_20260828_214012.jpg HTTP/1.1" 200 -
::1 - - [28/Aug/2026 22:31:45] "GET /assets/images/IMG_20260828_222835.jpg HTTP/1.1" 200 -
::1 - - [28/Aug/2026 22:31:45] "GET /assets/images/IMG_20260828_221020.jpg HTTP/1.1" 200 -
::1 - - [28/Aug/2026 22:31:45] "GET /script.js HTTP/1.1" 200 -
::1 - - [28/Aug/2026 22:31:45] "GET /assets/images/IMG_20260828_194851.jpg HTTP/1.1" 200 -
::1 - - [28/Aug/2026 22:31:45] "GET /assets/images/IMG_20260828_195612.jpg HTTP/1.1" 200 -
::1 - - [28/Aug/2026 22:34:08] "GET / HTTP/1.1" 304 -
::1 - - [28/Aug/2026 22:34:08] "GET /assets/images/IMG-20250916-WA0003.jpg HTTP/1.1" 304 -
::1 - - [28/Aug/2026 22:34:08] "GET /style.css HTTP/1.1" 200 -
::1 - - [28/Aug/2026 22:34:08] "GET /assets/images/IMG_20250419_142801.jpg HTTP/1.1" 304 -
::1 - - [28/Aug/2026 22:34:08] "GET /assets/images/IMG_20260828_214012.jpg HTTP/1.1" 304 -
::1 - - [28/Aug/2026 22:34:08] "GET /assets/images/IMG_20260828_222835.jpg HTTP/1.1" 304 -
::1 - - [28/Aug/2026 22:34:08] "GET /assets/images/IMG_20260828_221020.jpg HTTP/1.1" 304 -
::1 - - [28/Aug/2026 22:34:08] "GET /script.js HTTP/1.1" 200 -
::1 - - [28/Aug/2026 22:34:08] "GET /assets/images/IMG_20260828_194851.jpg HTTP/1.1" 304 -
::1 - - [28/Aug/2026 22:34:08] "GET /assets/images/IMG_20260828_195612.jpg HTTP/1.1" 304 -
::1 - - [28/Aug/2026 22:35:02] "GET / HTTP/1.1" 304 -
::1 - - [28/Aug/2026 22:35:02] "GET /style.css HTTP/1.1" 304 -
::1 - - [28/Aug/2026 22:35:02] "GET /assets/images/IMG_20260828_222835.jpg HTTP/1.1" 304 -
::1 - - [28/Aug/2026 22:35:02] "GET /script.js HTTP/1.1" 304 -
::1 - - [28/Aug/2026 22:35:26] "GET /style.css HTTP/1.1" 304 -
::1 - - [28/Aug/2026 22:35:26] code 404, message File not found
::1 - - [28/Aug/2026 22:35:26] "GET /.well-known/appspecific/com.chrome.devtools.json HTTP/1.1" 404 -
::1 - - [28/Aug/2026 22:35:27] "GET / HTTP/1.1" 200 -
::1 - - [28/Aug/2026 22:35:27] "GET /style.css HTTP/1.1" 200 -
::1 - - [28/Aug/2026 22:35:27] code 404, message File not found
::1 - - [28/Aug/2026 22:35:27] "GET /.well-known/appspecific/com.chrome.devtools.json HTTP/1.1" 404 -
::1 - - [28/Aug/2026 22:35:27] "GET /assets/images/IMG-20250916-WA0003.jpg HTTP/1.1" 200 -
::1 - - [28/Aug/2026 22:35:27] "GET /assets/images/IMG_20250419_142801.jpg HTTP/1.1" 200 -
::1 - - [28/Aug/2026 22:35:27] "GET /assets/images/IMG_20260828_214012.jpg HTTP/1.1" 200 -
::1 - - [28/Aug/2026 22:35:27] "GET /assets/images/IMG_20260828_222835.jpg HTTP/1.1" 200 -
::1 - - [28/Aug/2026 22:35:27] "GET /assets/images/IMG_20260828_221020.jpg HTTP/1.1" 200 -
::1 - - [28/Aug/2026 22:35:27] "GET /script.js HTTP/1.1" 200 -
::1 - - [28/Aug/2026 22:35:27] "GET /assets/images/IMG_20260828_194851.jpg HTTP/1.1" 200 -
::1 - - [28/Aug/2026 22:35:27] "GET /assets/images/IMG_20260828_195612.jpg HTTP/1.1" 200 -
::1 - - [28/Aug/2026 22:39:39] "GET / HTTP/1.1" 200 -
::1 - - [28/Aug/2026 22:39:39] "GET /style.css HTTP/1.1" 200 -
::1 - - [28/Aug/2026 22:39:39] "GET /assets/images/IMG_20250419_142801.jpg HTTP/1.1" 200 -
::1 - - [28/Aug/2026 22:39:39] "GET /assets/images/IMG-20250916-WA0003.jpg HTTP/1.1" 200 -
::1 - - [28/Aug/2026 22:39:39] "GET /assets/images/IMG_20260828_214012.jpg HTTP/1.1" 200 -
::1 - - [28/Aug/2026 22:39:39] "GET /assets/images/IMG_20260828_222835.jpg HTTP/1.1" 200 -
::1 - - [28/Aug/2026 22:39:39] code 404, message File not found
::1 - - [28/Aug/2026 22:39:39] "GET /.well-known/appspecific/com.chrome.devtools.json HTTP/1.1" 404 -
::1 - - [28/Aug/2026 22:39:39] "GET /assets/images/IMG_20260828_195413.jpg HTTP/1.1" 200 -
::1 - - [28/Aug/2026 22:39:39] "GET /script.js HTTP/1.1" 200 -
::1 - - [28/Aug/2026 22:39:39] "GET /assets/images/IMG_20260828_194851.jpg HTTP/1.1" 200 -
::1 - - [28/Aug/2026 22:39:39] "GET /assets/images/IMG_20260828_195612.jpg HTTP/1.1" 200 -
::1 - - [28/Aug/2026 22:41:23] "GET / HTTP/1.1" 200 -
::1 - - [28/Aug/2026 22:41:23] code 404, message File not found
::1 - - [28/Aug/2026 22:41:23] "GET /.well-known/appspecific/com.chrome.devtools.json HTTP/1.1" 404 -
::1 - - [28/Aug/2026 22:41:23] "GET /style.css HTTP/1.1" 200 -
::1 - - [28/Aug/2026 22:41:23] "GET /assets/images/IMG-20250916-WA0003.jpg HTTP/1.1" 200 -
::1 - - [28/Aug/2026 22:41:23] "GET /assets/images/IMG_20250419_142801.jpg HTTP/1.1" 200 -
::1 - - [28/Aug/2026 22:41:24] "GET /assets/images/IMG_20260828_214012.jpg HTTP/1.1" 200 -
::1 - - [28/Aug/2026 22:41:24] "GET /assets/images/IMG_20260828_222835.jpg HTTP/1.1" 200 -
::1 - - [28/Aug/2026 22:41:24] "GET /assets/images/IMG_20260828_195413.jpg HTTP/1.1" 200 -
::1 - - [28/Aug/2026 22:41:24] "GET /script.js HTTP/1.1" 200 -
::1 - - [28/Aug/2026 22:41:24] "GET /assets/images/GroupPhoto.jpg HTTP/1.1" 200 -
::1 - - [28/Aug/2026 22:41:24] "GET /assets/images/IMG_20260828_195612.jpg HTTP/1.1" 200 -
::1 - - [28/Aug/2026 22:41:46] "GET / HTTP/1.1" 304 -
::1 - - [28/Aug/2026 22:41:46] "GET /assets/images/GroupPhoto.jpg HTTP/1.1" 304 -
::1 - - [28/Aug/2026 22:42:28] "GET / HTTP/1.1" 304 -
::1 - - [28/Aug/2026 22:42:28] "GET /style.css HTTP/1.1" 200 -
::1 - - [28/Aug/2026 22:42:28] "GET /assets/images/GroupPhoto.jpg HTTP/1.1" 304 -
::1 - - [28/Aug/2026 22:42:37] "GET /style.css HTTP/1.1" 304 -
::1 - - [28/Aug/2026 22:42:37] code 404, message File not found
::1 - - [28/Aug/2026 22:42:37] "GET /.well-known/appspecific/com.chrome.devtools.json HTTP/1.1" 404 -
::1 - - [28/Aug/2026 22:42:39] "GET / HTTP/1.1" 200 -
::1 - - [28/Aug/2026 22:42:40] code 404, message File not found
::1 - - [28/Aug/2026 22:42:40] "GET /.well-known/appspecific/com.chrome.devtools.json HTTP/1.1" 404 -
::1 - - [28/Aug/2026 22:42:40] "GET /style.css HTTP/1.1" 200 -
::1 - - [28/Aug/2026 22:42:40] "GET /assets/images/IMG-20250916-WA0003.jpg HTTP/1.1" 200 -
::1 - - [28/Aug/2026 22:42:40] "GET /assets/images/IMG_20250419_142801.jpg HTTP/1.1" 200 -
::1 - - [28/Aug/2026 22:42:40] "GET /assets/images/IMG_20260828_214012.jpg HTTP/1.1" 200 -
::1 - - [28/Aug/2026 22:42:40] "GET /assets/images/IMG_20260828_222835.jpg HTTP/1.1" 200 -
::1 - - [28/Aug/2026 22:42:40] "GET /assets/images/IMG_20260828_195413.jpg HTTP/1.1" 200 -
::1 - - [28/Aug/2026 22:42:40] "GET /script.js HTTP/1.1" 200 -
::1 - - [28/Aug/2026 22:42:40] "GET /assets/images/GroupPhoto.jpg HTTP/1.1" 200 -
::1 - - [28/Aug/2026 22:42:40] "GET /assets/images/IMG_20260828_195612.jpg HTTP/1.1" 200 -
::1 - - [28/Aug/2026 22:49:42] "GET / HTTP/1.1" 200 -
::1 - - [28/Aug/2026 22:49:42] "GET /style.css HTTP/1.1" 200 -
::1 - - [28/Aug/2026 22:49:42] "GET /assets/images/IMG_20250419_142801.jpg HTTP/1.1" 200 -
::1 - - [28/Aug/2026 22:49:42] "GET /assets/images/IMG-20250916-WA0003.jpg HTTP/1.1" 200 -
::1 - - [28/Aug/2026 22:49:42] code 404, message File not found
::1 - - [28/Aug/2026 22:49:42] "GET /.well-known/appspecific/com.chrome.devtools.json HTTP/1.1" 404 -
::1 - - [28/Aug/2026 22:49:42] "GET /assets/images/IMG_20260828_214012.jpg HTTP/1.1" 200 -
::1 - - [28/Aug/2026 22:49:42] "GET /assets/images/IMG_20260828_222835.jpg HTTP/1.1" 200 -
::1 - - [28/Aug/2026 22:49:42] "GET /assets/images/IMG_20260828_195413.jpg HTTP/1.1" 200 -
::1 - - [28/Aug/2026 22:49:42] "GET /script.js HTTP/1.1" 200 -
::1 - - [28/Aug/2026 22:49:42] "GET /assets/images/GroupPhoto.jpg HTTP/1.1" 200 -
::1 - - [28/Aug/2026 22:49:42] "GET /assets/images/IMG_20260828_195612.jpg HTTP/1.1" 200 -
::1 - - [28/Aug/2026 22:49:51] code 404, message File not found
::1 - - [28/Aug/2026 22:49:51] "GET /favicon.ico HTTP/1.1" 404 -
::1 - - [28/Aug/2026 22:49:51] code 404, message File not found
::1 - - [28/Aug/2026 22:49:51] "GET /favicon.ico HTTP/1.1" 404 -
::1 - - [28/Aug/2026 22:50:13] "GET / HTTP/1.1" 200 -
::1 - - [28/Aug/2026 22:50:13] code 404, message File not found
::1 - - [28/Aug/2026 22:50:13] "GET /.well-known/appspecific/com.chrome.devtools.json HTTP/1.1" 404 -
::1 - - [28/Aug/2026 22:50:13] "GET /style.css HTTP/1.1" 200 -
::1 - - [28/Aug/2026 22:50:13] "GET /assets/images/IMG-20250916-WA0003.jpg HTTP/1.1" 200 -
::1 - - [28/Aug/2026 22:50:13] "GET /assets/images/IMG_20250419_142801.jpg HTTP/1.1" 200 -
::1 - - [28/Aug/2026 22:50:13] "GET /assets/images/IMG_20260828_214012.jpg HTTP/1.1" 200 -
::1 - - [28/Aug/2026 22:50:13] "GET /assets/images/IMG_20260828_222835.jpg HTTP/1.1" 200 -
::1 - - [28/Aug/2026 22:50:13] "GET /assets/images/IMG_20260828_195413.jpg HTTP/1.1" 200 -
::1 - - [28/Aug/2026 22:50:13] "GET /script.js HTTP/1.1" 200 -
::1 - - [28/Aug/2026 22:50:13] "GET /assets/images/GroupPhoto.jpg HTTP/1.1" 200 -
::1 - - [28/Aug/2026 22:50:13] "GET /assets/images/IMG_20260828_195612.jpg HTTP/1.1" 200 -
::1 - - [28/Aug/2026 22:50:15] code 404, message File not found
::1 - - [28/Aug/2026 22:50:15] "GET /favicon.ico HTTP/1.1" 404 -
::1 - - [28/Aug/2026 22:55:11] "GET / HTTP/1.1" 200 -
::1 - - [28/Aug/2026 22:55:11] "GET /style.css HTTP/1.1" 200 -
::1 - - [28/Aug/2026 22:55:11] "GET /assets/images/IMG-20250916-WA0003.jpg HTTP/1.1" 304 -
::1 - - [28/Aug/2026 22:55:11] "GET /assets/images/IMG_20260828_222835.jpg HTTP/1.1" 304 -
::1 - - [28/Aug/2026 22:55:11] "GET /script.js HTTP/1.1" 200 -
::1 - - [28/Aug/2026 22:55:11] "GET /assets/images/GroupPhoto.jpg HTTP/1.1" 304 -
::1 - - [28/Aug/2026 22:59:04] "GET / HTTP/1.1" 200 -
::1 - - [28/Aug/2026 22:59:04] "GET /style.css?v=2 HTTP/1.1" 200 -
::1 - - [28/Aug/2026 22:59:04] "GET /assets/images/IMG_20250419_142801.jpg HTTP/1.1" 304 -
::1 - - [28/Aug/2026 22:59:04] "GET /assets/images/IMG_20260828_214012.jpg HTTP/1.1" 304 -
::1 - - [28/Aug/2026 22:59:04] "GET /assets/images/IMG_20260828_195413.jpg HTTP/1.1" 304 -
::1 - - [28/Aug/2026 22:59:04] "GET /assets/images/IMG_20260828_222835.jpg HTTP/1.1" 304 -
::1 - - [28/Aug/2026 22:59:04] "GET /script.js?v=2 HTTP/1.1" 200 -
::1 - - [28/Aug/2026 22:59:04] "GET /assets/images/GroupPhoto.jpg HTTP/1.1" 304 -
::1 - - [28/Aug/2026 22:59:04] "GET /assets/images/IMG_20260828_195612.jpg HTTP/1.1" 304 -
::1 - - [28/Aug/2026 22:59:10] code 404, message File not found
::1 - - [28/Aug/2026 22:59:10] "GET /favicon.ico HTTP/1.1" 404 -
::1 - - [28/Aug/2026 23:00:33] "GET / HTTP/1.1" 304 -
::1 - - [28/Aug/2026 23:00:33] "GET /style.css?v=2 HTTP/1.1" 200 -
::1 - - [28/Aug/2026 23:00:33] "GET /assets/images/IMG-20250916-WA0003.jpg HTTP/1.1" 304 -
::1 - - [28/Aug/2026 23:00:33] "GET /script.js?v=2 HTTP/1.1" 304 -
::1 - - [28/Aug/2026 23:00:42] "GET / HTTP/1.1" 304 -
::1 - - [28/Aug/2026 23:00:42] "GET /style.css?v=2 HTTP/1.1" 304 -
::1 - - [28/Aug/2026 23:00:46] code 404, message File not found
::1 - - [28/Aug/2026 23:00:46] "GET /favicon.ico HTTP/1.1" 404 -
::1 - - [28/Aug/2026 23:01:47] "GET / HTTP/1.1" 304 -
::1 - - [28/Aug/2026 23:01:47] "GET /style.css?v=2 HTTP/1.1" 200 -
::1 - - [28/Aug/2026 23:01:47] "GET /script.js?v=2 HTTP/1.1" 304 -
::1 - - [28/Aug/2026 23:01:47] "GET /assets/images/GroupPhoto.jpg HTTP/1.1" 304 -
::1 - - [28/Aug/2026 23:01:49] code 404, message File not found
::1 - - [28/Aug/2026 23:01:49] "GET /.well-known/appspecific/com.chrome.devtools.json HTTP/1.1" 404 -
::1 - - [28/Aug/2026 23:01:52] "GET / HTTP/1.1" 200 -
::1 - - [28/Aug/2026 23:01:52] code 404, message File not found
::1 - - [28/Aug/2026 23:01:52] "GET /.well-known/appspecific/com.chrome.devtools.json HTTP/1.1" 404 -
::1 - - [28/Aug/2026 23:01:52] "GET /style.css?v=2 HTTP/1.1" 200 -
::1 - - [28/Aug/2026 23:01:52] "GET /assets/images/IMG-20250916-WA0003.jpg HTTP/1.1" 200 -
::1 - - [28/Aug/2026 23:01:52] "GET /assets/images/IMG_20250419_142801.jpg HTTP/1.1" 200 -
::1 - - [28/Aug/2026 23:01:52] "GET /assets/images/IMG_20260828_214012.jpg HTTP/1.1" 200 -
::1 - - [28/Aug/2026 23:01:52] "GET /assets/images/IMG_20260828_222835.jpg HTTP/1.1" 200 -
::1 - - [28/Aug/2026 23:01:52] "GET /assets/images/IMG_20260828_195413.jpg HTTP/1.1" 200 -
::1 - - [28/Aug/2026 23:01:52] "GET /script.js?v=2 HTTP/1.1" 200 -
::1 - - [28/Aug/2026 23:01:52] "GET /assets/images/GroupPhoto.jpg HTTP/1.1" 200 -
::1 - - [28/Aug/2026 23:01:52] "GET /assets/images/IMG_20260828_195612.jpg HTTP/1.1" 200 -
::1 - - [28/Aug/2026 23:02:04] code 404, message File not found
::1 - - [28/Aug/2026 23:02:04] "GET /favicon.ico HTTP/1.1" 404 -
::1 - - [28/Aug/2026 23:04:11] "GET / HTTP/1.1" 200 -
::1 - - [28/Aug/2026 23:04:11] "GET /style.css?v=2 HTTP/1.1" 200 -
::1 - - [28/Aug/2026 23:04:11] "GET /assets/images/IMG-20250916-WA0003.jpg HTTP/1.1" 200 -
::1 - - [28/Aug/2026 23:04:11] "GET /assets/images/IMG_20250419_142801.jpg HTTP/1.1" 200 -
::1 - - [28/Aug/2026 23:04:11] code 404, message File not found
::1 - - [28/Aug/2026 23:04:11] "GET /.well-known/appspecific/com.chrome.devtools.json HTTP/1.1" 404 -
::1 - - [28/Aug/2026 23:04:11] "GET /assets/images/IMG_20260828_214012.jpg HTTP/1.1" 200 -
::1 - - [28/Aug/2026 23:04:11] "GET /assets/images/IMG_20260828_222835.jpg HTTP/1.1" 200 -
::1 - - [28/Aug/2026 23:04:11] "GET /script.js?v=3 HTTP/1.1" 200 -
::1 - - [28/Aug/2026 23:04:11] "GET /assets/images/IMG_20260828_195413.jpg HTTP/1.1" 200 -
::1 - - [28/Aug/2026 23:04:11] "GET /assets/images/GroupPhoto.jpg HTTP/1.1" 200 -
::1 - - [28/Aug/2026 23:04:11] "GET /assets/images/IMG_20260828_195612.jpg HTTP/1.1" 200 -
::1 - - [28/Aug/2026 23:04:12] "GET / HTTP/1.1" 200 -
::1 - - [28/Aug/2026 23:04:12] code 404, message File not found
::1 - - [28/Aug/2026 23:04:12] "GET /.well-known/appspecific/com.chrome.devtools.json HTTP/1.1" 404 -
::1 - - [28/Aug/2026 23:04:12] "GET /style.css?v=2 HTTP/1.1" 200 -
::1 - - [28/Aug/2026 23:04:12] "GET /assets/images/IMG_20250419_142801.jpg HTTP/1.1" 200 -
::1 - - [28/Aug/2026 23:04:12] "GET /assets/images/IMG-20250916-WA0003.jpg HTTP/1.1" 200 -
::1 - - [28/Aug/2026 23:04:12] "GET /assets/images/IMG_20260828_214012.jpg HTTP/1.1" 200 -
::1 - - [28/Aug/2026 23:04:12] "GET /assets/images/IMG_20260828_222835.jpg HTTP/1.1" 200 -
::1 - - [28/Aug/2026 23:04:12] "GET /script.js?v=3 HTTP/1.1" 200 -
::1 - - [28/Aug/2026 23:04:12] "GET /assets/images/IMG_20260828_195413.jpg HTTP/1.1" 200 -
::1 - - [28/Aug/2026 23:04:12] "GET /assets/images/GroupPhoto.jpg HTTP/1.1" 200 -
::1 - - [28/Aug/2026 23:04:12] "GET /assets/images/IMG_20260828_195612.jpg HTTP/1.1" 200 -
::1 - - [28/Aug/2026 23:04:13] "GET / HTTP/1.1" 200 -
::1 - - [28/Aug/2026 23:04:13] "GET /style.css?v=2 HTTP/1.1" 200 -
::1 - - [28/Aug/2026 23:04:13] "GET /assets/images/IMG-20250916-WA0003.jpg HTTP/1.1" 200 -
::1 - - [28/Aug/2026 23:04:13] "GET /assets/images/IMG_20250419_142801.jpg HTTP/1.1" 200 -
::1 - - [28/Aug/2026 23:04:13] code 404, message File not found
::1 - - [28/Aug/2026 23:04:13] "GET /.well-known/appspecific/com.chrome.devtools.json HTTP/1.1" 404 -
::1 - - [28/Aug/2026 23:04:13] "GET /assets/images/IMG_20260828_214012.jpg HTTP/1.1" 200 -
::1 - - [28/Aug/2026 23:04:13] "GET /assets/images/IMG_20260828_222835.jpg HTTP/1.1" 200 -
::1 - - [28/Aug/2026 23:04:13] "GET /assets/images/IMG_20260828_195413.jpg HTTP/1.1" 200 -
::1 - - [28/Aug/2026 23:04:13] "GET /script.js?v=3 HTTP/1.1" 200 -
::1 - - [28/Aug/2026 23:04:13] "GET /assets/images/GroupPhoto.jpg HTTP/1.1" 200 -
::1 - - [28/Aug/2026 23:04:13] "GET /assets/images/IMG_20260828_195612.jpg HTTP/1.1" 200 -
::1 - - [28/Aug/2026 23:04:13] "GET / HTTP/1.1" 200 -
::1 - - [28/Aug/2026 23:04:13] code 404, message File not found
::1 - - [28/Aug/2026 23:04:13] "GET /.well-known/appspecific/com.chrome.devtools.json HTTP/1.1" 404 -
::1 - - [28/Aug/2026 23:04:13] "GET /style.css?v=2 HTTP/1.1" 200 -
::1 - - [28/Aug/2026 23:04:13] "GET /assets/images/IMG-20250916-WA0003.jpg HTTP/1.1" 200 -
::1 - - [28/Aug/2026 23:04:13] "GET /assets/images/IMG_20250419_142801.jpg HTTP/1.1" 200 -
::1 - - [28/Aug/2026 23:04:13] "GET /assets/images/IMG_20260828_214012.jpg HTTP/1.1" 200 -
::1 - - [28/Aug/2026 23:04:13] "GET /assets/images/IMG_20260828_222835.jpg HTTP/1.1" 200 -
::1 - - [28/Aug/2026 23:04:13] "GET /assets/images/IMG_20260828_195413.jpg HTTP/1.1" 200 -
::1 - - [28/Aug/2026 23:04:13] "GET /script.js?v=3 HTTP/1.1" 200 -
::1 - - [28/Aug/2026 23:04:13] "GET /assets/images/GroupPhoto.jpg HTTP/1.1" 200 -
::1 - - [28/Aug/2026 23:04:13] "GET /assets/images/IMG_20260828_195612.jpg HTTP/1.1" 200 -
::1 - - [28/Aug/2026 23:04:13] "GET / HTTP/1.1" 200 -
::1 - - [28/Aug/2026 23:04:13] code 404, message File not found
::1 - - [28/Aug/2026 23:04:13] "GET /.well-known/appspecific/com.chrome.devtools.json HTTP/1.1" 404 -
::1 - - [28/Aug/2026 23:04:13] "GET /style.css?v=2 HTTP/1.1" 200 -
::1 - - [28/Aug/2026 23:04:13] "GET /assets/images/IMG-20250916-WA0003.jpg HTTP/1.1" 200 -
::1 - - [28/Aug/2026 23:04:13] "GET /assets/images/IMG_20250419_142801.jpg HTTP/1.1" 200 -
::1 - - [28/Aug/2026 23:04:13] "GET /assets/images/IMG_20260828_214012.jpg HTTP/1.1" 200 -
::1 - - [28/Aug/2026 23:04:13] "GET /assets/images/IMG_20260828_222835.jpg HTTP/1.1" 200 -
::1 - - [28/Aug/2026 23:04:13] "GET /assets/images/IMG_20260828_195413.jpg HTTP/1.1" 200 -
::1 - - [28/Aug/2026 23:04:13] "GET /script.js?v=3 HTTP/1.1" 200 -
::1 - - [28/Aug/2026 23:04:13] "GET /assets/images/GroupPhoto.jpg HTTP/1.1" 200 -
::1 - - [28/Aug/2026 23:04:13] "GET /assets/images/IMG_20260828_195612.jpg HTTP/1.1" 200 -
::1 - - [28/Aug/2026 23:04:16] "GET / HTTP/1.1" 304 -
::1 - - [28/Aug/2026 23:04:16] "GET / HTTP/1.1" 304 -
::1 - - [28/Aug/2026 23:04:16] "GET / HTTP/1.1" 304 -
::1 - - [28/Aug/2026 23:04:17] "GET / HTTP/1.1" 304 -
::1 - - [28/Aug/2026 23:04:19] "GET /style.css?v=2 HTTP/1.1" 304 -
::1 - - [28/Aug/2026 23:04:19] code 404, message File not found
::1 - - [28/Aug/2026 23:04:19] "GET /.well-known/appspecific/com.chrome.devtools.json HTTP/1.1" 404 -
::1 - - [28/Aug/2026 23:04:23] "GET / HTTP/1.1" 200 -
::1 - - [28/Aug/2026 23:04:23] code 404, message File not found
::1 - - [28/Aug/2026 23:04:23] "GET /.well-known/appspecific/com.chrome.devtools.json HTTP/1.1" 404 -
::1 - - [28/Aug/2026 23:04:23] "GET /style.css?v=2 HTTP/1.1" 200 -
::1 - - [28/Aug/2026 23:04:23] "GET /assets/images/IMG_20250419_142801.jpg HTTP/1.1" 200 -
::1 - - [28/Aug/2026 23:04:23] "GET /assets/images/IMG-20250916-WA0003.jpg HTTP/1.1" 200 -
::1 - - [28/Aug/2026 23:04:23] "GET /assets/images/IMG_20260828_214012.jpg HTTP/1.1" 200 -
::1 - - [28/Aug/2026 23:04:23] "GET /assets/images/IMG_20260828_222835.jpg HTTP/1.1" 200 -
::1 - - [28/Aug/2026 23:04:23] "GET /assets/images/IMG_20260828_195413.jpg HTTP/1.1" 200 -
::1 - - [28/Aug/2026 23:04:23] "GET /script.js?v=3 HTTP/1.1" 200 -
::1 - - [28/Aug/2026 23:04:23] "GET /assets/images/GroupPhoto.jpg HTTP/1.1" 200 -
::1 - - [28/Aug/2026 23:04:23] "GET /assets/images/IMG_20260828_195612.jpg HTTP/1.1" 200 -
::1 - - [28/Aug/2026 23:04:36] code 404, message File not found
::1 - - [28/Aug/2026 23:04:36] "GET /favicon.ico HTTP/1.1" 404 -
::1 - - [28/Aug/2026 23:04:52] "GET / HTTP/1.1" 200 -
::1 - - [28/Aug/2026 23:04:52] code 404, message File not found
::1 - - [28/Aug/2026 23:04:52] "GET /.well-known/appspecific/com.chrome.devtools.json HTTP/1.1" 404 -
::1 - - [28/Aug/2026 23:04:52] "GET /style.css?v=2 HTTP/1.1" 200 -
::1 - - [28/Aug/2026 23:04:52] "GET /assets/images/IMG-20250916-WA0003.jpg HTTP/1.1" 200 -
::1 - - [28/Aug/2026 23:04:52] "GET /assets/images/IMG_20250419_142801.jpg HTTP/1.1" 200 -
::1 - - [28/Aug/2026 23:04:52] "GET /assets/images/IMG_20260828_214012.jpg HTTP/1.1" 200 -
::1 - - [28/Aug/2026 23:04:52] "GET /assets/images/IMG_20260828_222835.jpg HTTP/1.1" 200 -
::1 - - [28/Aug/2026 23:04:52] "GET /script.js?v=3 HTTP/1.1" 200 -
::1 - - [28/Aug/2026 23:04:52] "GET /assets/images/IMG_20260828_195413.jpg HTTP/1.1" 200 -
::1 - - [28/Aug/2026 23:04:52] "GET /assets/images/GroupPhoto.jpg HTTP/1.1" 200 -
::1 - - [28/Aug/2026 23:04:52] "GET /assets/images/IMG_20260828_195612.jpg HTTP/1.1" 200 -
::1 - - [28/Aug/2026 23:04:54] code 404, message File not found
::1 - - [28/Aug/2026 23:04:54] "GET /favicon.ico HTTP/1.1" 404 -
::1 - - [28/Aug/2026 23:05:01] "GET / HTTP/1.1" 200 -
::1 - - [28/Aug/2026 23:05:01] code 404, message File not found
::1 - - [28/Aug/2026 23:05:01] "GET /.well-known/appspecific/com.chrome.devtools.json HTTP/1.1" 404 -
::1 - - [28/Aug/2026 23:05:01] "GET /style.css?v=2 HTTP/1.1" 200 -
::1 - - [28/Aug/2026 23:05:01] "GET /assets/images/IMG_20250419_142801.jpg HTTP/1.1" 200 -
::1 - - [28/Aug/2026 23:05:01] "GET /assets/images/IMG-20250916-WA0003.jpg HTTP/1.1" 200 -
::1 - - [28/Aug/2026 23:05:01] "GET /assets/images/IMG_20260828_214012.jpg HTTP/1.1" 200 -
::1 - - [28/Aug/2026 23:05:01] "GET /assets/images/IMG_20260828_222835.jpg HTTP/1.1" 200 -
::1 - - [28/Aug/2026 23:05:01] "GET /assets/images/IMG_20260828_195413.jpg HTTP/1.1" 200 -
::1 - - [28/Aug/2026 23:05:01] "GET /script.js?v=3 HTTP/1.1" 200 -
::1 - - [28/Aug/2026 23:05:01] "GET /assets/images/GroupPhoto.jpg HTTP/1.1" 200 -
::1 - - [28/Aug/2026 23:05:01] "GET /assets/images/IMG_20260828_195612.jpg HTTP/1.1" 200 -
::1 - - [28/Aug/2026 23:05:03] code 404, message File not found
::1 - - [28/Aug/2026 23:05:03] "GET /favicon.ico HTTP/1.1" 404 -
::1 - - [28/Aug/2026 23:05:41] "GET / HTTP/1.1" 200 -
::1 - - [28/Aug/2026 23:05:41] "GET /style.css?v=2 HTTP/1.1" 200 -
::1 - - [28/Aug/2026 23:05:41] "GET /assets/images/IMG-20250916-WA0003.jpg HTTP/1.1" 200 -
::1 - - [28/Aug/2026 23:05:41] "GET /assets/images/IMG_20250419_142801.jpg HTTP/1.1" 200 -
::1 - - [28/Aug/2026 23:05:41] code 404, message File not found
::1 - - [28/Aug/2026 23:05:41] "GET /.well-known/appspecific/com.chrome.devtools.json HTTP/1.1" 404 -
::1 - - [28/Aug/2026 23:05:41] "GET /assets/images/IMG_20260828_222835.jpg HTTP/1.1" 200 -
::1 - - [28/Aug/2026 23:05:41] "GET /assets/images/IMG_20260828_214012.jpg HTTP/1.1" 200 -
::1 - - [28/Aug/2026 23:05:41] "GET /script.js?v=3 HTTP/1.1" 200 -
::1 - - [28/Aug/2026 23:05:41] "GET /assets/images/IMG_20260828_195413.jpg HTTP/1.1" 200 -
::1 - - [28/Aug/2026 23:05:41] "GET /assets/images/GroupPhoto.jpg HTTP/1.1" 200 -
::1 - - [28/Aug/2026 23:05:41] "GET /assets/images/IMG_20260828_195612.jpg HTTP/1.1" 200 -
::1 - - [28/Aug/2026 23:08:21] "GET / HTTP/1.1" 200 -
::1 - - [28/Aug/2026 23:08:21] code 404, message File not found
::1 - - [28/Aug/2026 23:08:21] "GET /.well-known/appspecific/com.chrome.devtools.json HTTP/1.1" 404 -
::1 - - [28/Aug/2026 23:08:21] "GET /style.css?v=4 HTTP/1.1" 200 -
::1 - - [28/Aug/2026 23:08:21] "GET /assets/images/IMG_20250419_142801.jpg HTTP/1.1" 200 -
::1 - - [28/Aug/2026 23:08:21] "GET /assets/images/IMG-20250916-WA0003.jpg HTTP/1.1" 200 -
::1 - - [28/Aug/2026 23:08:21] "GET /assets/images/IMG_20260828_214012.jpg HTTP/1.1" 200 -
::1 - - [28/Aug/2026 23:08:21] "GET /assets/images/IMG_20260828_222835.jpg HTTP/1.1" 200 -
::1 - - [28/Aug/2026 23:08:21] "GET /script.js?v=4 HTTP/1.1" 200 -
::1 - - [28/Aug/2026 23:08:21] "GET /assets/images/IMG_20260828_195413.jpg HTTP/1.1" 200 -
::1 - - [28/Aug/2026 23:08:21] "GET /assets/images/GroupPhoto.jpg HTTP/1.1" 200 -
::1 - - [28/Aug/2026 23:08:21] "GET /assets/images/IMG_20260828_195612.jpg HTTP/1.1" 200 -
::1 - - [28/Aug/2026 23:09:38] "GET / HTTP/1.1" 200 -
::1 - - [28/Aug/2026 23:09:38] "GET /style.css?v=4 HTTP/1.1" 200 -
::1 - - [28/Aug/2026 23:09:38] code 404, message File not found
::1 - - [28/Aug/2026 23:09:38] "GET /.well-known/appspecific/com.chrome.devtools.json HTTP/1.1" 404 -
::1 - - [28/Aug/2026 23:09:38] "GET /assets/images/IMG_20250419_142801.jpg HTTP/1.1" 200 -
::1 - - [28/Aug/2026 23:09:38] "GET /assets/images/IMG-20250916-WA0003.jpg HTTP/1.1" 200 -
::1 - - [28/Aug/2026 23:09:38] "GET /assets/images/IMG_20260828_214012.jpg HTTP/1.1" 200 -
::1 - - [28/Aug/2026 23:09:38] "GET /assets/images/IMG_20260828_222835.jpg HTTP/1.1" 200 -
::1 - - [28/Aug/2026 23:09:38] "GET /assets/images/IMG_20260828_195413.jpg HTTP/1.1" 200 -
::1 - - [28/Aug/2026 23:09:38] "GET /script.js?v=4 HTTP/1.1" 200 -
::1 - - [28/Aug/2026 23:09:38] "GET /assets/images/GroupPhoto.jpg HTTP/1.1" 200 -
::1 - - [28/Aug/2026 23:09:38] "GET /assets/images/IMG_20260828_195612.jpg HTTP/1.1" 200 -
::1 - - [28/Aug/2026 23:09:39] code 404, message File not found
::1 - - [28/Aug/2026 23:09:39] "GET /favicon.ico HTTP/1.1" 404 -
::1 - - [28/Aug/2026 23:16:54] "GET / HTTP/1.1" 200 -
::1 - - [28/Aug/2026 23:16:54] "GET /style.css?v=4 HTTP/1.1" 200 -
::1 - - [28/Aug/2026 23:16:54] "GET /assets/images/IMG-20250916-WA0003.jpg HTTP/1.1" 200 -
::1 - - [28/Aug/2026 23:16:54] code 404, message File not found
::1 - - [28/Aug/2026 23:16:54] "GET /.well-known/appspecific/com.chrome.devtools.json HTTP/1.1" 404 -
::1 - - [28/Aug/2026 23:16:54] "GET /assets/images/IMG_20250419_142801.jpg HTTP/1.1" 200 -
::1 - - [28/Aug/2026 23:16:54] "GET /assets/images/IMG_20260828_222835.jpg HTTP/1.1" 200 -
::1 - - [28/Aug/2026 23:16:54] "GET /assets/images/IMG_20260828_214012.jpg HTTP/1.1" 200 -
::1 - - [28/Aug/2026 23:16:54] "GET /assets/images/IMG_20260828_195413.jpg HTTP/1.1" 200 -
::1 - - [28/Aug/2026 23:16:54] "GET /script.js?v=5 HTTP/1.1" 200 -
::1 - - [28/Aug/2026 23:16:54] "GET /assets/images/GroupPhoto.jpg HTTP/1.1" 200 -
::1 - - [28/Aug/2026 23:16:54] "GET /assets/images/IMG_20260828_195612.jpg HTTP/1.1" 200 -
::1 - - [28/Aug/2026 23:16:57] code 404, message File not found
::1 - - [28/Aug/2026 23:16:57] "GET /favicon.ico HTTP/1.1" 404 -
::1 - - [28/Aug/2026 23:17:06] "GET / HTTP/1.1" 200 -
::1 - - [28/Aug/2026 23:17:06] "GET /style.css?v=4 HTTP/1.1" 200 -
::1 - - [28/Aug/2026 23:17:06] "GET /assets/images/IMG-20250916-WA0003.jpg HTTP/1.1" 200 -
::1 - - [28/Aug/2026 23:17:06] "GET /assets/images/IMG_20250419_142801.jpg HTTP/1.1" 200 -
::1 - - [28/Aug/2026 23:17:06] code 404, message File not found
::1 - - [28/Aug/2026 23:17:06] "GET /.well-known/appspecific/com.chrome.devtools.json HTTP/1.1" 404 -
::1 - - [28/Aug/2026 23:17:06] "GET /assets/images/IMG_20260828_214012.jpg HTTP/1.1" 200 -
::1 - - [28/Aug/2026 23:17:06] "GET /assets/images/IMG_20260828_222835.jpg HTTP/1.1" 200 -
::1 - - [28/Aug/2026 23:17:06] code 404, message File not found
::1 - - [28/Aug/2026 23:17:06] "GET /script.js?v=5 HTTP/1.1" 404 -
::1 - - [28/Aug/2026 23:17:06] "GET /assets/images/IMG_20260828_195413.jpg HTTP/1.1" 200 -
::1 - - [28/Aug/2026 23:17:06] "GET /assets/images/GroupPhoto.jpg HTTP/1.1" 200 -
::1 - - [28/Aug/2026 23:17:06] "GET /assets/images/IMG_20260828_195612.jpg HTTP/1.1" 200 -
::1 - - [28/Aug/2026 23:17:15] "GET / HTTP/1.1" 200 -
::1 - - [28/Aug/2026 23:17:15] "GET /style.css?v=4 HTTP/1.1" 200 -
::1 - - [28/Aug/2026 23:17:15] "GET /assets/images/IMG-20250916-WA0003.jpg HTTP/1.1" 200 -
::1 - - [28/Aug/2026 23:17:15] "GET /assets/images/IMG_20250419_142801.jpg HTTP/1.1" 200 -
::1 - - [28/Aug/2026 23:17:15] "GET /assets/images/IMG_20260828_214012.jpg HTTP/1.1" 200 -
::1 - - [28/Aug/2026 23:17:15] "GET /assets/images/IMG_20260828_222835.jpg HTTP/1.1" 200 -
::1 - - [28/Aug/2026 23:17:15] "GET /main.js HTTP/1.1" 200 -
::1 - - [28/Aug/2026 23:17:15] "GET /assets/images/IMG_20260828_195413.jpg HTTP/1.1" 200 -
::1 - - [28/Aug/2026 23:17:15] code 404, message File not found
::1 - - [28/Aug/2026 23:17:15] "GET /.well-known/appspecific/com.chrome.devtools.json HTTP/1.1" 404 -
::1 - - [28/Aug/2026 23:17:15] "GET /assets/images/GroupPhoto.jpg HTTP/1.1" 200 -
::1 - - [28/Aug/2026 23:17:15] "GET /assets/images/IMG_20260828_195612.jpg HTTP/1.1" 200 -
::1 - - [28/Aug/2026 23:17:17] code 404, message File not found
::1 - - [28/Aug/2026 23:17:17] "GET /favicon.ico HTTP/1.1" 404 -
::1 - - [28/Aug/2026 23:21:03] "GET / HTTP/1.1" 200 -
::1 - - [28/Aug/2026 23:21:03] "GET /assets/images/IMG-20250916-WA0003.jpg HTTP/1.1" 200 -
::1 - - [28/Aug/2026 23:21:03] "GET /style.css?v=4 HTTP/1.1" 200 -
::1 - - [28/Aug/2026 23:21:03] "GET /assets/images/IMG_20250419_142801.jpg HTTP/1.1" 200 -
::1 - - [28/Aug/2026 23:21:03] "GET /assets/images/IMG_20260828_214012.jpg HTTP/1.1" 200 -
::1 - - [28/Aug/2026 23:21:03] code 404, message File not found
::1 - - [28/Aug/2026 23:21:03] "GET /.well-known/appspecific/com.chrome.devtools.json HTTP/1.1" 404 -
::1 - - [28/Aug/2026 23:21:03] "GET /assets/images/IMG_20260828_222835.jpg HTTP/1.1" 200 -
::1 - - [28/Aug/2026 23:21:03] "GET /assets/images/IMG_20260828_195413.jpg HTTP/1.1" 200 -
::1 - - [28/Aug/2026 23:21:03] "GET /main.js HTTP/1.1" 200 -
::1 - - [28/Aug/2026 23:21:03] "GET /assets/images/GroupPhoto.jpg HTTP/1.1" 200 -
::1 - - [28/Aug/2026 23:21:03] "GET /assets/images/IMG_20260828_195612.jpg HTTP/1.1" 200 -
::1 - - [28/Aug/2026 23:21:06] code 404, message File not found
::1 - - [28/Aug/2026 23:21:06] "GET /favicon.ico HTTP/1.1" 404 -
::1 - - [28/Aug/2026 23:25:21] "GET / HTTP/1.1" 200 -
::1 - - [28/Aug/2026 23:25:21] "GET /style.css?v=4 HTTP/1.1" 200 -
::1 - - [28/Aug/2026 23:25:21] "GET /assets/images/IMG-20250916-WA0003.jpg HTTP/1.1" 200 -
::1 - - [28/Aug/2026 23:25:21] "GET /assets/images/IMG_20250419_142801.jpg HTTP/1.1" 200 -
::1 - - [28/Aug/2026 23:25:21] "GET /assets/images/IMG_20260828_214012.jpg HTTP/1.1" 200 -
::1 - - [28/Aug/2026 23:25:21] "GET /assets/images/IMG_20260828_222835.jpg HTTP/1.1" 200 -
::1 - - [28/Aug/2026 23:25:21] "GET /assets/images/IMG_20260828_195413.jpg HTTP/1.1" 200 -
::1 - - [28/Aug/2026 23:25:21] "GET /main.js HTTP/1.1" 200 -
::1 - - [28/Aug/2026 23:25:21] code 404, message File not found
::1 - - [28/Aug/2026 23:25:21] "GET /.well-known/appspecific/com.chrome.devtools.json HTTP/1.1" 404 -
::1 - - [28/Aug/2026 23:25:21] "GET /assets/images/GroupPhoto.jpg HTTP/1.1" 200 -
::1 - - [28/Aug/2026 23:25:21] "GET /assets/images/IMG_20260828_195612.jpg HTTP/1.1" 200 -
::1 - - [28/Aug/2026 23:25:22] code 404, message File not found
::1 - - [28/Aug/2026 23:25:22] "GET /favicon.ico HTTP/1.1" 404 -
::1 - - [28/Aug/2026 23:26:21] "GET / HTTP/1.1" 304 -
::1 - - [28/Aug/2026 23:26:21] "GET /main.js HTTP/1.1" 200 -
::1 - - [28/Aug/2026 23:26:25] code 404, message File not found
::1 - - [28/Aug/2026 23:26:25] "GET /favicon.ico HTTP/1.1" 404 -
::1 - - [28/Aug/2026 23:26:27] code 404, message File not found
::1 - - [28/Aug/2026 23:26:27] "GET /.well-known/appspecific/com.chrome.devtools.json HTTP/1.1" 404 -
::1 - - [28/Aug/2026 23:26:30] "GET / HTTP/1.1" 200 -
::1 - - [28/Aug/2026 23:26:30] code 404, message File not found
::1 - - [28/Aug/2026 23:26:30] "GET /.well-known/appspecific/com.chrome.devtools.json HTTP/1.1" 404 -
::1 - - [28/Aug/2026 23:26:30] "GET /style.css?v=4 HTTP/1.1" 200 -
::1 - - [28/Aug/2026 23:26:30] "GET /assets/images/IMG-20250916-WA0003.jpg HTTP/1.1" 200 -
::1 - - [28/Aug/2026 23:26:30] "GET /assets/images/IMG_20250419_142801.jpg HTTP/1.1" 200 -
::1 - - [28/Aug/2026 23:26:30] "GET /assets/images/IMG_20260828_222835.jpg HTTP/1.1" 200 -
::1 - - [28/Aug/2026 23:26:31] "GET /assets/images/IMG_20260828_214012.jpg HTTP/1.1" 200 -
::1 - - [28/Aug/2026 23:26:31] "GET /assets/images/IMG_20260828_195413.jpg HTTP/1.1" 200 -
::1 - - [28/Aug/2026 23:26:31] "GET /main.js HTTP/1.1" 200 -
::1 - - [28/Aug/2026 23:26:31] "GET /assets/images/GroupPhoto.jpg HTTP/1.1" 200 -
::1 - - [28/Aug/2026 23:26:31] "GET /assets/images/IMG_20260828_195612.jpg HTTP/1.1" 200 -
::1 - - [28/Aug/2026 23:26:45] code 404, message File not found
::1 - - [28/Aug/2026 23:26:45] "GET /favicon.ico HTTP/1.1" 404 -
::1 - - [28/Aug/2026 23:31:54] "GET / HTTP/1.1" 200 -
::1 - - [28/Aug/2026 23:31:54] "GET /style.css?v=4 HTTP/1.1" 200 -
::1 - - [28/Aug/2026 23:31:54] "GET /assets/images/IMG-20250916-WA0003.jpg HTTP/1.1" 200 -
::1 - - [28/Aug/2026 23:31:54] "GET /assets/images/IMG_20250419_142801.jpg HTTP/1.1" 200 -
::1 - - [28/Aug/2026 23:31:54] "GET /assets/images/IMG_20260828_214012.jpg HTTP/1.1" 200 -
::1 - - [28/Aug/2026 23:31:54] "GET /assets/images/IMG_20260828_222835.jpg HTTP/1.1" 200 -
::1 - - [28/Aug/2026 23:31:54] "GET /assets/images/IMG_20260828_195413.jpg HTTP/1.1" 200 -
::1 - - [28/Aug/2026 23:31:54] "GET /main.js HTTP/1.1" 200 -
::1 - - [28/Aug/2026 23:31:54] code 404, message File not found
::1 - - [28/Aug/2026 23:31:54] "GET /.well-known/appspecific/com.chrome.devtools.json HTTP/1.1" 404 -
::1 - - [28/Aug/2026 23:31:54] "GET /assets/images/GroupPhoto.jpg HTTP/1.1" 200 -
::1 - - [28/Aug/2026 23:31:54] "GET /assets/images/IMG_20260828_195612.jpg HTTP/1.1" 200 -
::1 - - [28/Aug/2026 23:31:59] code 404, message File not found
::1 - - [28/Aug/2026 23:31:59] "GET /favicon.ico HTTP/1.1" 404 -
::1 - - [28/Aug/2026 23:34:06] "GET / HTTP/1.1" 304 -
::1 - - [28/Aug/2026 23:34:07] "GET /style.css?v=4 HTTP/1.1" 200 -
::1 - - [28/Aug/2026 23:34:07] "GET /main.js HTTP/1.1" 200 -
::1 - - [28/Aug/2026 23:34:09] "GET /style.css?v=4 HTTP/1.1" 304 -
::1 - - [28/Aug/2026 23:34:09] code 404, message File not found
::1 - - [28/Aug/2026 23:34:09] "GET /.well-known/appspecific/com.chrome.devtools.json HTTP/1.1" 404 -
::1 - - [28/Aug/2026 23:34:09] "GET / HTTP/1.1" 200 -
::1 - - [28/Aug/2026 23:34:09] "GET /style.css?v=4 HTTP/1.1" 200 -
::1 - - [28/Aug/2026 23:34:09] "GET /assets/images/IMG-20250916-WA0003.jpg HTTP/1.1" 200 -
::1 - - [28/Aug/2026 23:34:09] "GET /assets/images/IMG_20250419_142801.jpg HTTP/1.1" 200 -
::1 - - [28/Aug/2026 23:34:09] "GET /assets/images/IMG_20260828_214012.jpg HTTP/1.1" 200 -
::1 - - [28/Aug/2026 23:34:09] "GET /assets/images/IMG_20260828_222835.jpg HTTP/1.1" 200 -
::1 - - [28/Aug/2026 23:34:09] "GET /assets/images/IMG_20260828_195413.jpg HTTP/1.1" 200 -
::1 - - [28/Aug/2026 23:34:09] "GET /main.js HTTP/1.1" 200 -
::1 - - [28/Aug/2026 23:34:09] code 404, message File not found
::1 - - [28/Aug/2026 23:34:09] "GET /.well-known/appspecific/com.chrome.devtools.json HTTP/1.1" 404 -
::1 - - [28/Aug/2026 23:34:09] "GET /assets/images/GroupPhoto.jpg HTTP/1.1" 200 -
::1 - - [28/Aug/2026 23:34:09] "GET /assets/images/IMG_20260828_195612.jpg HTTP/1.1" 200 -
::1 - - [28/Aug/2026 23:34:28] "GET / HTTP/1.1" 200 -
::1 - - [28/Aug/2026 23:34:28] "GET /style.css?v=4 HTTP/1.1" 200 -
::1 - - [28/Aug/2026 23:34:28] "GET /assets/images/IMG-20250916-WA0003.jpg HTTP/1.1" 200 -
::1 - - [28/Aug/2026 23:34:28] "GET /assets/images/IMG_20250419_142801.jpg HTTP/1.1" 200 -
::1 - - [28/Aug/2026 23:34:28] "GET /assets/images/IMG_20260828_214012.jpg HTTP/1.1" 200 -
::1 - - [28/Aug/2026 23:34:28] code 404, message File not found
::1 - - [28/Aug/2026 23:34:28] "GET /assets/images/IMG_20260828_222835.jpg HTTP/1.1" 200 -
::1 - - [28/Aug/2026 23:34:28] "GET /.well-known/appspecific/com.chrome.devtools.json HTTP/1.1" 404 -
::1 - - [28/Aug/2026 23:34:28] "GET /assets/images/IMG_20260828_195413.jpg HTTP/1.1" 200 -
::1 - - [28/Aug/2026 23:34:28] "GET /main.js HTTP/1.1" 200 -
::1 - - [28/Aug/2026 23:34:28] "GET /assets/images/GroupPhoto.jpg HTTP/1.1" 200 -
::1 - - [28/Aug/2026 23:34:28] "GET /assets/images/IMG_20260828_195612.jpg HTTP/1.1" 200 -
::1 - - [28/Aug/2026 23:34:30] code 404, message File not found
::1 - - [28/Aug/2026 23:34:30] "GET /favicon.ico HTTP/1.1" 404 -
::1 - - [28/Aug/2026 23:41:00] "GET / HTTP/1.1" 200 -
::1 - - [28/Aug/2026 23:41:00] "GET /src/main.js HTTP/1.1" 200 -
::1 - - [28/Aug/2026 23:41:01] code 404, message File not found
::1 - - [28/Aug/2026 23:41:01] "GET /favicon.svg HTTP/1.1" 404 -
::1 - - [28/Aug/2026 23:41:03] code 404, message File not found
::1 - - [28/Aug/2026 23:41:03] "GET /.well-known/appspecific/com.chrome.devtools.json HTTP/1.1" 404 -
::1 - - [28/Aug/2026 23:41:08] "GET / HTTP/1.1" 200 -
::1 - - [28/Aug/2026 23:41:08] code 404, message File not found
::1 - - [28/Aug/2026 23:41:08] "GET /.well-known/appspecific/com.chrome.devtools.json HTTP/1.1" 404 -
::1 - - [28/Aug/2026 23:41:08] "GET /src/main.js HTTP/1.1" 200 -
::1 - - [28/Aug/2026 23:41:10] "GET / HTTP/1.1" 200 -
::1 - - [28/Aug/2026 23:41:10] "GET /src/main.js HTTP/1.1" 200 -
::1 - - [28/Aug/2026 23:41:10] code 404, message File not found
::1 - - [28/Aug/2026 23:41:10] "GET /.well-known/appspecific/com.chrome.devtools.json HTTP/1.1" 404 -
::1 - - [28/Aug/2026 23:41:11] "GET / HTTP/1.1" 200 -
::1 - - [28/Aug/2026 23:41:11] code 404, message File not found
::1 - - [28/Aug/2026 23:41:11] "GET /.well-known/appspecific/com.chrome.devtools.json HTTP/1.1" 404 -
::1 - - [28/Aug/2026 23:41:11] "GET /src/main.js HTTP/1.1" 200 -
::1 - - [28/Aug/2026 23:43:45] "GET / HTTP/1.1" 304 -
::1 - - [28/Aug/2026 23:43:45] "GET /src/main.js HTTP/1.1" 304 -
::1 - - [28/Aug/2026 23:43:46] code 404, message File not found
::1 - - [28/Aug/2026 23:43:46] "GET /favicon.svg HTTP/1.1" 404 -
::1 - - [28/Aug/2026 23:43:47] "GET / HTTP/1.1" 304 -
::1 - - [29/Aug/2026 01:00:04] "GET / HTTP/1.1" 200 -
::1 - - [29/Aug/2026 01:00:04] "GET /src/main.js HTTP/1.1" 304 -
