/Users/pratik.giramkar/.config/opencode
/Users/pratik.giramkar/.local/state/opencode
/Users/pratik.giramkar/.local/share/opencode
find: /Users/pratik.giramkar/Pictures/Photo Booth Library: Operation not permitted
find: /Users/pratik.giramkar/Pictures/Photos Library.photoslibrary: Operation not permitted
/Users/pratik.giramkar/.opencode
/Users/pratik.giramkar/.opencode/node_modules/@opencode-ai
/Users/pratik.giramkar/opencode-exports
find: /Users/pratik.giramkar/Library/Daemon Containers: Operation not permitted
find: /Users/pratik.giramkar/Library/Autosave Information: Operation not permitted
find: /Users/pratik.giramkar/Library/IdentityServices: Operation not permitted
find: /Users/pratik.giramkar/Library/Calendars: Operation not permitted
find: /Users/pratik.giramkar/Library/Messages: Operation not permitted
find: /Users/pratik.giramkar/Library/HomeKit: Operation not permitted
find: /Users/pratik.giramkar/Library/Sharing: Operation not permitted
find: /Users/pratik.giramkar/Library/com.apple.aiml.instrumentation: Operation not permitted
find: /Users/pratik.giramkar/Library/Mail: Operation not permitted
find: /Users/pratik.giramkar/Library/Trial: Operation not permitted
find: /Users/pratik.giramkar/Library/AppleMediaServices: Operation not permitted
find: /Users/pratik.giramkar/Library/DuetExpertCenter: Operation not permitted
find: /Users/pratik.giramkar/Library/Accounts: Operation not permitted
find: /Users/pratik.giramkar/Library/Safari: Operation not permitted
find: /Users/pratik.giramkar/Library/Biome: Operation not permitted
find: /Users/pratik.giramkar/Library/IntelligencePlatform: Operation not permitted
find: /Users/pratik.giramkar/Library/Shortcuts: Operation not permitted
find: /Users/pratik.giramkar/Library/Suggestions: Operation not permitted
find: /Users/pratik.giramkar/Library/Weather: Operation not permitted
find: /Users/pratik.giramkar/Library/ContainerManager: Operation not permitted
find: /Users/pratik.giramkar/Library/PersonalizationPortrait: Operation not permitted
find: /Users/pratik.giramkar/Library/Photos: Operation not permitted
find: /Users/pratik.giramkar/Library/Reminders: Operation not permitted
find: /Users/pratik.giramkar/Library/Cookies: Operation not permitted
find: /Users/pratik.giramkar/Library/CoreFollowUp: Operation not permitted
find: /Users/pratik.giramkar/Library/StatusKit: Operation not permitted
find: /Users/pratik.giramkar/Library/DoNotDisturb: Operation not permitted
/Users/pratik.giramkar/hyperswitch-repos/connector-service/.opencode
find: /Users/pratik.giramkar/.Trash: Operation not permitted
/Users/pratik.giramkar/.cache/opencode
